// Jest Snapshot v1, https://goo.gl/fbAQLP

exports[`NumberInput should render without errors 1`] = `
Object {
  "asFragment": [Function],
  "baseElement": <body>
    <div>
      <div
        class="MuiNumberInput-root css-zmtyut"
      >
        <button
          aria-controls=":r0:"
          aria-disabled="false"
          aria-label="decrement"
          class="MuiNumberInput-decrementButton decrement css-1d3khx7"
          tabindex="-1"
        >
          <svg
            aria-hidden="true"
            class="MuiSvgIcon-root MuiSvgIcon-fontSizeSmall css-ptiqhd-MuiSvgIcon-root"
            data-testid="ArrowDropDownIcon"
            focusable="false"
            viewBox="0 0 24 24"
          >
            <path
              d="m7 10 5 5 5-5z"
            />
          </svg>
        </button>
        <button
          aria-controls=":r0:"
          aria-disabled="false"
          aria-label="increment"
          class="MuiNumberInput-incrementButton increment css-1d3khx7"
          tabindex="-1"
        >
          <svg
            aria-hidden="true"
            class="MuiSvgIcon-root MuiSvgIcon-fontSizeSmall css-ptiqhd-MuiSvgIcon-root"
            data-testid="ArrowDropUpIcon"
            focusable="false"
            viewBox="0 0 24 24"
          >
            <path
              d="m7 14 5-5 5 5z"
            />
          </svg>
        </button>
        <input
          aria-disabled="false"
          aria-valuenow=""
          aria-valuetext=""
          autocomplete="off"
          autocorrect="off"
          class="MuiNumberInput-input css-3aul9a"
          id=":r0:"
          spellcheck="false"
          type="text"
          value=""
        />
      </div>
    </div>
  </body>,
  "container": <div>
    <div
      class="MuiNumberInput-root css-zmtyut"
    >
      <button
        aria-controls=":r0:"
        aria-disabled="false"
        aria-label="decrement"
        class="MuiNumberInput-decrementButton decrement css-1d3khx7"
        tabindex="-1"
      >
        <svg
          aria-hidden="true"
          class="MuiSvgIcon-root MuiSvgIcon-fontSizeSmall css-ptiqhd-MuiSvgIcon-root"
          data-testid="ArrowDropDownIcon"
          focusable="false"
          viewBox="0 0 24 24"
        >
          <path
            d="m7 10 5 5 5-5z"
          />
        </svg>
      </button>
      <button
        aria-controls=":r0:"
        aria-disabled="false"
        aria-label="increment"
        class="MuiNumberInput-incrementButton increment css-1d3khx7"
        tabindex="-1"
      >
        <svg
          aria-hidden="true"
          class="MuiSvgIcon-root MuiSvgIcon-fontSizeSmall css-ptiqhd-MuiSvgIcon-root"
          data-testid="ArrowDropUpIcon"
          focusable="false"
          viewBox="0 0 24 24"
        >
          <path
            d="m7 14 5-5 5 5z"
          />
        </svg>
      </button>
      <input
        aria-disabled="false"
        aria-valuenow=""
        aria-valuetext=""
        autocomplete="off"
        autocorrect="off"
        class="MuiNumberInput-input css-3aul9a"
        id=":r0:"
        spellcheck="false"
        type="text"
        value=""
      />
    </div>
  </div>,
  "debug": [Function],
  "findAllByAltText": [Function],
  "findAllByDisplayValue": [Function],
  "findAllByLabelText": [Function],
  "findAllByPlaceholderText": [Function],
  "findAllByRole": [Function],
  "findAllByTestId": [Function],
  "findAllByText": [Function],
  "findAllByTitle": [Function],
  "findByAltText": [Function],
  "findByDisplayValue": [Function],
  "findByLabelText": [Function],
  "findByPlaceholderText": [Function],
  "findByRole": [Function],
  "findByTestId": [Function],
  "findByText": [Function],
  "findByTitle": [Function],
  "getAllByAltText": [Function],
  "getAllByDisplayValue": [Function],
  "getAllByLabelText": [Function],
  "getAllByPlaceholderText": [Function],
  "getAllByRole": [Function],
  "getAllByTestId": [Function],
  "getAllByText": [Function],
  "getAllByTitle": [Function],
  "getByAltText": [Function],
  "getByDisplayValue": [Function],
  "getByLabelText": [Function],
  "getByPlaceholderText": [Function],
  "getByRole": [Function],
  "getByTestId": [Function],
  "getByText": [Function],
  "getByTitle": [Function],
  "queryAllByAltText": [Function],
  "queryAllByDisplayValue": [Function],
  "queryAllByLabelText": [Function],
  "queryAllByPlaceholderText": [Function],
  "queryAllByRole": [Function],
  "queryAllByTestId": [Function],
  "queryAllByText": [Function],
  "queryAllByTitle": [Function],
  "queryByAltText": [Function],
  "queryByDisplayValue": [Function],
  "queryByLabelText": [Function],
  "queryByPlaceholderText": [Function],
  "queryByRole": [Function],
  "queryByTestId": [Function],
  "queryByText": [Function],
  "queryByTitle": [Function],
  "rerender": [Function],
  "unmount": [Function],
}
`;
