// Jest Snapshot v1, https://goo.gl/fbAQLP

exports[`Filter dialogue component doesn't render filter dialogue when dialogue is close 1`] = `
<body
  style=""
>
  <div />
</body>
`;

exports[`Filter dialogue component renders filter dialogue when dialogue is open 1`] = `
<body
  style="padding-right: 1024px; overflow: hidden;"
>
  <div
    aria-hidden="true"
  />
  <div
    class="MuiDialog-root MuiModal-root css-zw3mfo-MuiModal-root-MuiDialog-root"
    role="presentation"
  >
    <div
      aria-hidden="true"
      class="MuiBackdrop-root css-yiavyu-MuiBackdrop-root-MuiDialog-backdrop"
      style="opacity: 1; webkit-transition: opacity 225ms cubic-bezier(0.4, 0, 0.2, 1) 0ms; transition: opacity 225ms cubic-bezier(0.4, 0, 0.2, 1) 0ms;"
    />
    <div
      data-testid="sentinelStart"
      tabindex="0"
    />
    <div
      class="MuiDialog-container MuiDialog-scrollPaper css-hz1bth-MuiDialog-container"
      role="presentation"
      style="opacity: 1; webkit-transition: opacity 225ms cubic-bezier(0.4, 0, 0.2, 1) 0ms; transition: opacity 225ms cubic-bezier(0.4, 0, 0.2, 1) 0ms;"
      tabindex="-1"
    >
      <div
        aria-labelledby=":r0:"
        class="MuiPaper-root MuiPaper-elevation MuiPaper-rounded MuiPaper-elevation24 MuiDialog-paper MuiDialog-paperScrollPaper MuiDialog-paperWidthLg MuiDialog-paperFullWidth css-cyxlny-MuiPaper-root-MuiDialog-paper"
        role="dialog"
      >
        <h2
          class="MuiTypography-root MuiTypography-h6 MuiDialogTitle-root css-bdhsul-MuiTypography-root-MuiDialogTitle-root"
          id=":r0:"
        >
          Filters
        </h2>
        <div
          class="MuiDialogContent-root css-ypiqx9-MuiDialogContent-root"
        >
          <div
            class="MuiGrid-root MuiGrid-container css-o1xwpy-MuiGrid-root"
          >
            <div
              class="MuiGrid-root MuiGrid-item MuiGrid-grid-xs-true css-n4yv6w-MuiGrid-root"
            >
              <h3
                class="MuiTypography-root MuiTypography-body1 MuiTypography-gutterBottom css-um3j9i-MuiTypography-root"
              >
                Enter filter
              </h3>
              <div
                class="MuiGrid-root MuiGrid-container MuiGrid-item css-1f064cs-MuiGrid-root"
              >
                <div
                  class="MuiAutocomplete-root MuiAutocomplete-fullWidth css-12szb0g-MuiAutocomplete-root"
                >
                  <div
                    class="MuiFormControl-root MuiFormControl-fullWidth MuiTextField-root css-wb57ya-MuiFormControl-root-MuiTextField-root"
                  >
                    <label
                      class="MuiFormLabel-root MuiInputLabel-root MuiInputLabel-formControl MuiInputLabel-animated MuiInputLabel-sizeSmall MuiInputLabel-outlined MuiFormLabel-colorPrimary css-1pysi21-MuiFormLabel-root-MuiInputLabel-root"
                      data-shrink="false"
                      for=":r1:"
                      id=":r1:-label"
                    >
                      Filter
                    </label>
                    <div
                      class="MuiInputBase-root MuiOutlinedInput-root MuiInputBase-colorPrimary MuiInputBase-fullWidth MuiInputBase-formControl MuiInputBase-sizeSmall MuiAutocomplete-inputRoot css-md26zr-MuiInputBase-root-MuiOutlinedInput-root"
                    >
                      <input
                        aria-autocomplete="list"
                        aria-expanded="false"
                        aria-invalid="false"
                        autocapitalize="none"
                        autocomplete="off"
                        class="MuiInputBase-input MuiOutlinedInput-input MuiInputBase-inputSizeSmall MuiAutocomplete-input MuiAutocomplete-inputFocused css-1n4twyu-MuiInputBase-input-MuiOutlinedInput-input"
                        id=":r1:"
                        role="combobox"
                        spellcheck="false"
                        type="text"
                        value=""
                      />
                      <fieldset
                        aria-hidden="true"
                        class="MuiOutlinedInput-notchedOutline css-1d3z3hw-MuiOutlinedInput-notchedOutline"
                      >
                        <legend
                          class="css-1ftyaf0"
                        >
                          <span>
                            Filter
                          </span>
                        </legend>
                      </fieldset>
                    </div>
                  </div>
                </div>
              </div>
            </div>
            <hr
              class="MuiDivider-root MuiDivider-fullWidth MuiDivider-vertical MuiDivider-flexItem css-1tk1bks-MuiDivider-root"
            />
            <div
              class="MuiGrid-root MuiGrid-item MuiGrid-grid-xs-true css-1vd824g-MuiGrid-root"
            >
              <h3
                class="MuiTypography-root MuiTypography-body1 MuiTypography-gutterBottom css-um3j9i-MuiTypography-root"
              >
                Filter help
              </h3>
              <p
                class="MuiTypography-root MuiTypography-body2 MuiTypography-gutterBottom css-ejgmvm-MuiTypography-root"
              >
                In the box, start typing data channel names, numbers, mathematical symbols such as 
                &gt;
                 and 
                &lt;=
                 and keywords such as AND and OR. The Wizard will suggest suitable options and indicate using a grey box when each item has been recognised.
              </p>
              <h3
                class="MuiTypography-root MuiTypography-body1 MuiTypography-gutterBottom css-um3j9i-MuiTypography-root"
              >
                Operators included
              </h3>
              <p
                class="MuiTypography-root MuiTypography-body2 MuiTypography-gutterBottom css-ejgmvm-MuiTypography-root"
              >
                &gt;, &lt;, =, !=, and, or, not
              </p>
            </div>
          </div>
        </div>
        <div
          class="MuiDialogActions-root MuiDialogActions-spacing css-hlj6pa-MuiDialogActions-root"
        >
          <button
            class="MuiButtonBase-root MuiButton-root MuiButton-text MuiButton-textPrimary MuiButton-sizeMedium MuiButton-textSizeMedium css-1e6y48t-MuiButtonBase-root-MuiButton-root"
            tabindex="0"
            type="button"
          >
            Close
            <span
              class="MuiTouchRipple-root css-8je8zh-MuiTouchRipple-root"
            />
          </button>
          <button
            class="MuiButtonBase-root MuiButton-root MuiButton-text MuiButton-textPrimary MuiButton-sizeMedium MuiButton-textSizeMedium css-1e6y48t-MuiButtonBase-root-MuiButton-root"
            tabindex="0"
            type="button"
          >
            Apply
            <span
              class="MuiTouchRipple-root css-8je8zh-MuiTouchRipple-root"
            />
          </button>
        </div>
      </div>
    </div>
    <div
      data-testid="sentinelEnd"
      tabindex="0"
    />
  </div>
</body>
`;
