// Jest Snapshot v1, https://goo.gl/fbAQLP

exports[`Plot component renders a canvas element with the correct attributes passed the correct props for a scatter plot 1`] = `
<DocumentFragment>
  <div
    style="flex: 1 0 0px; max-height: calc(100% - 38px); max-width: 100%;"
  >
    <canvas
      data-data="{\\"datasets\\":[{\\"label\\":\\"test_1\\",\\"data\\":[{\\"shotNum\\":0,\\"test_1\\":0}],\\"parsing\\":{\\"yAxisKey\\":\\"test_1\\",\\"xAxisKey\\":\\"test x-axis\\"},\\"borderColor\\":\\"#e31a1c\\",\\"backgroundColor\\":\\"#e31a1c\\"},{\\"label\\":\\"test_2\\",\\"data\\":[{\\"shotNum\\":1,\\"test_2\\":1}],\\"parsing\\":{\\"yAxisKey\\":\\"test_2\\",\\"xAxisKey\\":\\"test x-axis\\"},\\"borderColor\\":\\"#e31a1c\\",\\"backgroundColor\\":\\"#e31a1c\\"},{\\"label\\":\\"test_3\\",\\"data\\":[{\\"shotNum\\":2,\\"test_3\\":2}],\\"parsing\\":{\\"yAxisKey\\":\\"test_3\\",\\"xAxisKey\\":\\"test x-axis\\"},\\"borderColor\\":\\"#e31a1c\\",\\"backgroundColor\\":\\"#e31a1c\\"}]}"
      data-options="{\\"responsive\\":true,\\"maintainAspectRatio\\":false,\\"interaction\\":{\\"mode\\":\\"index\\",\\"intersect\\":false},\\"plugins\\":{\\"title\\":{\\"display\\":true,\\"text\\":\\"scatter plot\\"},\\"zoom\\":{\\"zoom\\":{\\"wheel\\":{\\"enabled\\":true},\\"pinch\\":{\\"enabled\\":true},\\"drag\\":{\\"enabled\\":false},\\"mode\\":\\"xy\\"},\\"pan\\":{\\"enabled\\":true,\\"mode\\":\\"xy\\"}}},\\"scales\\":{\\"x\\":{\\"type\\":\\"time\\",\\"time\\":{\\"displayFormats\\":{\\"millisecond\\":\\"HH:mm:ss:SSS\\",\\"second\\":\\"HH:mm:ss\\",\\"minute\\":\\"HH:mm\\",\\"hour\\":\\"d MMM ha\\",\\"day\\":\\"d MMM\\",\\"week\\":\\"d MMM\\",\\"month\\":\\"MMM yyyy\\",\\"quarter\\":\\"MMM yyyy\\",\\"year\\":\\"yyyy\\"},\\"tooltipFormat\\":\\"yyyy-MM-dd HH:mm:ss\\"}},\\"y\\":{\\"type\\":\\"linear\\",\\"display\\":true,\\"position\\":\\"left\\"},\\"y2\\":{\\"type\\":\\"linear\\",\\"display\\":false,\\"position\\":\\"right\\",\\"grid\\":{\\"drawOnChartArea\\":false}}}}"
      data-type="scatter"
      height="400"
      id="my-chart"
      width="400"
    />
  </div>
</DocumentFragment>
`;

exports[`Plot component updates data object correctly by settings opacity to 0 for lines that are hidden 1`] = `
<DocumentFragment>
  <div
    style="flex: 1 0 0px; max-height: calc(100% - 38px); max-width: 100%;"
  >
    <canvas
      data-data="{\\"datasets\\":[{\\"label\\":\\"test_1\\",\\"data\\":[{\\"shotNum\\":0,\\"test_1\\":0}],\\"parsing\\":{\\"yAxisKey\\":\\"test_1\\",\\"xAxisKey\\":\\"test x-axis\\"},\\"borderColor\\":\\"rgba(0,0,0,0)\\",\\"backgroundColor\\":\\"rgba(0,0,0,0)\\"},{\\"label\\":\\"test_2\\",\\"data\\":[{\\"shotNum\\":1,\\"test_2\\":1}],\\"parsing\\":{\\"yAxisKey\\":\\"test_2\\",\\"xAxisKey\\":\\"test x-axis\\"},\\"borderColor\\":\\"#e31a1c\\",\\"backgroundColor\\":\\"#e31a1c\\"},{\\"label\\":\\"test_3\\",\\"data\\":[{\\"shotNum\\":2,\\"test_3\\":2}],\\"parsing\\":{\\"yAxisKey\\":\\"test_3\\",\\"xAxisKey\\":\\"test x-axis\\"},\\"borderColor\\":\\"#e31a1c\\",\\"backgroundColor\\":\\"#e31a1c\\"}]}"
      data-options="{\\"responsive\\":true,\\"maintainAspectRatio\\":false,\\"interaction\\":{\\"mode\\":\\"index\\",\\"intersect\\":false},\\"plugins\\":{\\"title\\":{\\"display\\":true,\\"text\\":\\"scatter plot\\"},\\"zoom\\":{\\"zoom\\":{\\"wheel\\":{\\"enabled\\":true},\\"pinch\\":{\\"enabled\\":true},\\"drag\\":{\\"enabled\\":false},\\"mode\\":\\"xy\\"},\\"pan\\":{\\"enabled\\":true,\\"mode\\":\\"xy\\"}}},\\"scales\\":{\\"x\\":{\\"type\\":\\"time\\",\\"time\\":{\\"displayFormats\\":{\\"millisecond\\":\\"HH:mm:ss:SSS\\",\\"second\\":\\"HH:mm:ss\\",\\"minute\\":\\"HH:mm\\",\\"hour\\":\\"d MMM ha\\",\\"day\\":\\"d MMM\\",\\"week\\":\\"d MMM\\",\\"month\\":\\"MMM yyyy\\",\\"quarter\\":\\"MMM yyyy\\",\\"year\\":\\"yyyy\\"},\\"tooltipFormat\\":\\"yyyy-MM-dd HH:mm:ss\\"}},\\"y\\":{\\"type\\":\\"linear\\",\\"display\\":true,\\"position\\":\\"left\\"},\\"y2\\":{\\"type\\":\\"linear\\",\\"display\\":false,\\"position\\":\\"right\\",\\"grid\\":{\\"drawOnChartArea\\":false}}}}"
      data-type="scatter"
      height="400"
      id="my-chart"
      width="400"
    />
  </div>
</DocumentFragment>
`;

exports[`Plot component updates options object correctly 1`] = `
<DocumentFragment>
  <div
    style="flex: 1 0 0px; max-height: calc(100% - 38px); max-width: 100%;"
  >
    <canvas
      data-data="{\\"datasets\\":[{\\"label\\":\\"test_1\\",\\"data\\":[{\\"shotNum\\":0,\\"test_1\\":0}],\\"parsing\\":{\\"yAxisKey\\":\\"test_1\\",\\"xAxisKey\\":\\"test x-axis\\"},\\"borderColor\\":\\"#e31a1c\\",\\"backgroundColor\\":\\"#e31a1c\\"},{\\"label\\":\\"test_2\\",\\"data\\":[{\\"shotNum\\":1,\\"test_2\\":1}],\\"parsing\\":{\\"yAxisKey\\":\\"test_2\\",\\"xAxisKey\\":\\"test x-axis\\"},\\"borderColor\\":\\"#e31a1c\\",\\"backgroundColor\\":\\"#e31a1c\\"},{\\"label\\":\\"test_3\\",\\"data\\":[{\\"shotNum\\":2,\\"test_3\\":2}],\\"parsing\\":{\\"yAxisKey\\":\\"test_3\\",\\"xAxisKey\\":\\"test x-axis\\"},\\"borderColor\\":\\"#e31a1c\\",\\"backgroundColor\\":\\"#e31a1c\\"}]}"
      data-options="{\\"responsive\\":true,\\"maintainAspectRatio\\":false,\\"interaction\\":{\\"mode\\":\\"index\\",\\"intersect\\":false},\\"plugins\\":{\\"title\\":{\\"display\\":true,\\"text\\":\\"line plot\\"},\\"zoom\\":{\\"zoom\\":{\\"wheel\\":{\\"enabled\\":true},\\"pinch\\":{\\"enabled\\":true},\\"drag\\":{\\"enabled\\":false},\\"mode\\":\\"xy\\"},\\"pan\\":{\\"enabled\\":true,\\"mode\\":\\"xy\\"}}},\\"scales\\":{\\"x\\":{\\"type\\":\\"linear\\",\\"time\\":{\\"displayFormats\\":{\\"millisecond\\":\\"HH:mm:ss:SSS\\",\\"second\\":\\"HH:mm:ss\\",\\"minute\\":\\"HH:mm\\",\\"hour\\":\\"d MMM ha\\",\\"day\\":\\"d MMM\\",\\"week\\":\\"d MMM\\",\\"month\\":\\"MMM yyyy\\",\\"quarter\\":\\"MMM yyyy\\",\\"year\\":\\"yyyy\\"},\\"tooltipFormat\\":\\"yyyy-MM-dd HH:mm:ss\\"}},\\"y\\":{\\"type\\":\\"log\\",\\"display\\":true,\\"position\\":\\"left\\"},\\"y2\\":{\\"type\\":\\"linear\\",\\"display\\":false,\\"position\\":\\"right\\",\\"grid\\":{\\"drawOnChartArea\\":false}}}}"
      data-type="line"
      height="400"
      id="my-chart"
      width="400"
    />
  </div>
</DocumentFragment>
`;
