// Jest Snapshot v1, https://goo.gl/fbAQLP

exports[`records api functions useRecordsPaginated sends request to fetch records, returns successful response and uses a select function to format the results 1`] = `
Array [
  Object {
    "CHANNEL_ABCDE": 1,
    "activeArea": undefined,
    "activeExperiment": undefined,
    "shotnum": 1,
    "timestamp": "2022-01-01 00:00:00",
  },
  Object {
    "CHANNEL_ABCDE": 2,
    "activeArea": undefined,
    "activeExperiment": undefined,
    "shotnum": 2,
    "timestamp": "2022-01-02 00:00:00",
  },
  Object {
    "CHANNEL_ABCDE": 3,
    "activeArea": undefined,
    "activeExperiment": undefined,
    "shotnum": 3,
    "timestamp": "2022-01-03 00:00:00",
  },
  Object {
    "CHANNEL_BCDEF": <img
      alt="CHANNEL_BCDEF image for timestamp 2022-01-04 00:00:00"
      src="data:image/jpeg;base64,/9j/4AAQSkZJRgABAQAAAQABAAD/4gIoSUNDX1BST0ZJTEUAAQEAAAIYAAAAAAQwAABtbnRyUkdCIFhZWiAAAAAAAAAAAAAAAABhY3NwAAAAAAAAAAAAAAAAAAAAAAAAAAAAAAAAAAAAAQAA9tYAAQAAAADTLQAAAAAAAAAAAAAAAAAAAAAAAAAAAAAAAAAAAAAAAAAAAAAAAAAAAAAAAAAAAAAAAAAAAAlkZXNjAAAA8AAAAHRyWFlaAAABZAAAABRnWFlaAAABeAAAABRiWFlaAAABjAAAABRyVFJDAAABoAAAAChnVFJDAAABoAAAAChiVFJDAAABoAAAACh3dHB0AAAByAAAABRjcHJ0AAAB3AAAADxtbHVjAAAAAAAAAAEAAAAMZW5VUwAAAFgAAAAcAHMAUgBHAEIAAAAAAAAAAAAAAAAAAAAAAAAAAAAAAAAAAAAAAAAAAAAAAAAAAAAAAAAAAAAAAAAAAAAAAAAAAAAAAAAAAAAAAAAAAAAAAAAAAAAAAAAAAFhZWiAAAAAAAABvogAAOPUAAAOQWFlaIAAAAAAAAGKZAAC3hQAAGNpYWVogAAAAAAAAJKAAAA+EAAC2z3BhcmEAAAAAAAQAAAACZmYAAPKnAAANWQAAE9AAAApbAAAAAAAAAABYWVogAAAAAAAA9tYAAQAAAADTLW1sdWMAAAAAAAAAAQAAAAxlblVTAAAAIAAAABwARwBvAG8AZwBsAGUAIABJAG4AYwAuACAAMgAwADEANv/bAEMAAwICAwICAwMDAwQDAwQFCAUFBAQFCgcHBggMCgwMCwoLCw0OEhANDhEOCwsQFhARExQVFRUMDxcYFhQYEhQVFP/bAEMBAwQEBQQFCQUFCRQNCw0UFBQUFBQUFBQUFBQUFBQUFBQUFBQUFBQUFBQUFBQUFBQUFBQUFBQUFBQUFBQUFBQUFP/AABEIABkAGQMBIgACEQEDEQH/xAAbAAABBAMAAAAAAAAAAAAAAAAFAAYICQECB//EACYQAAICAgICAQQDAQAAAAAAAAECAwQFBhESABMHISIxQRQVFkL/xAAUAQEAAAAAAAAAAAAAAAAAAAAA/8QAFBEBAAAAAAAAAAAAAAAAAAAAAP/aAAwDAQACEQMRAD8ArB1DXTt+24bBLfpYpsnchpi9kpvTWr+xwvslf/lF55J/QB8fGX+GasFvP2MbscN3XtetNUy+SlgCPXYSMkZSNXYTLKVIjKN9SD39a/cR2iYbGZHDM9ajjc3szW2iGOy981Ilg6p0eIB4vbIzl16+wkAD7G7crYLgdP0nIfEuxZLNQXa23x2n9mLpasktC4/EX9lJJIa7FllYS9GEqnotbpzLyGCtXb8BFrWbNOvae7XetWtxTyQiJ2SaCOZeyBmCkCQAgMRyD9fA3kg/mqvrNbHbjHl9bxeK2d7dSXXr2Nyzu7UQAEhlpB5BFzXeJgz+vj1qqqeWIj54BrSs3DrO54HMWI3lr4/IV7ciRcdmWORWIHP054H78f2U+QdO1nHf5vUKuYyeq5anWfYTm/VXuWraDk+hoy6xRxP2aPkMSWIk7gADlR/J8x4B/dM1Qy9rHR47+TJWo0o6gs3EVJp+pYhmVWYDqGCAdj9sa/j8BvebeLwP/9k="
      style={
        Object {
          "border": "1px solid #000000",
        }
      }
    />,
    "activeArea": undefined,
    "activeExperiment": undefined,
    "shotnum": 4,
    "timestamp": "2022-01-04 00:00:00",
  },
  Object {
    "CHANNEL_BCDEF": <img
      alt="CHANNEL_BCDEF image for timestamp 2022-01-05 00:00:00"
      src="data:image/jpeg;base64,/9j/4AAQSkZJRgABAQAAAQABAAD/4gIoSUNDX1BST0ZJTEUAAQEAAAIYAAAAAAQwAABtbnRyUkdCIFhZWiAAAAAAAAAAAAAAAABhY3NwAAAAAAAAAAAAAAAAAAAAAAAAAAAAAAAAAAAAAQAA9tYAAQAAAADTLQAAAAAAAAAAAAAAAAAAAAAAAAAAAAAAAAAAAAAAAAAAAAAAAAAAAAAAAAAAAAAAAAAAAAlkZXNjAAAA8AAAAHRyWFlaAAABZAAAABRnWFlaAAABeAAAABRiWFlaAAABjAAAABRyVFJDAAABoAAAAChnVFJDAAABoAAAAChiVFJDAAABoAAAACh3dHB0AAAByAAAABRjcHJ0AAAB3AAAADxtbHVjAAAAAAAAAAEAAAAMZW5VUwAAAFgAAAAcAHMAUgBHAEIAAAAAAAAAAAAAAAAAAAAAAAAAAAAAAAAAAAAAAAAAAAAAAAAAAAAAAAAAAAAAAAAAAAAAAAAAAAAAAAAAAAAAAAAAAAAAAAAAAAAAAAAAAFhZWiAAAAAAAABvogAAOPUAAAOQWFlaIAAAAAAAAGKZAAC3hQAAGNpYWVogAAAAAAAAJKAAAA+EAAC2z3BhcmEAAAAAAAQAAAACZmYAAPKnAAANWQAAE9AAAApbAAAAAAAAAABYWVogAAAAAAAA9tYAAQAAAADTLW1sdWMAAAAAAAAAAQAAAAxlblVTAAAAIAAAABwARwBvAG8AZwBsAGUAIABJAG4AYwAuACAAMgAwADEANv/bAEMAAwICAwICAwMDAwQDAwQFCAUFBAQFCgcHBggMCgwMCwoLCw0OEhANDhEOCwsQFhARExQVFRUMDxcYFhQYEhQVFP/bAEMBAwQEBQQFCQUFCRQNCw0UFBQUFBQUFBQUFBQUFBQUFBQUFBQUFBQUFBQUFBQUFBQUFBQUFBQUFBQUFBQUFBQUFP/AABEIABkAGQMBIgACEQEDEQH/xAAbAAABBAMAAAAAAAAAAAAAAAAFAAYICQECB//EACYQAAICAgICAQQDAQAAAAAAAAECAwQFBhESABMHISIxQRQVFkL/xAAUAQEAAAAAAAAAAAAAAAAAAAAA/8QAFBEBAAAAAAAAAAAAAAAAAAAAAP/aAAwDAQACEQMRAD8ArB1DXTt+24bBLfpYpsnchpi9kpvTWr+xwvslf/lF55J/QB8fGX+GasFvP2MbscN3XtetNUy+SlgCPXYSMkZSNXYTLKVIjKN9SD39a/cR2iYbGZHDM9ajjc3szW2iGOy981Ilg6p0eIB4vbIzl16+wkAD7G7crYLgdP0nIfEuxZLNQXa23x2n9mLpasktC4/EX9lJJIa7FllYS9GEqnotbpzLyGCtXb8BFrWbNOvae7XetWtxTyQiJ2SaCOZeyBmCkCQAgMRyD9fA3kg/mqvrNbHbjHl9bxeK2d7dSXXr2Nyzu7UQAEhlpB5BFzXeJgz+vj1qqqeWIj54BrSs3DrO54HMWI3lr4/IV7ciRcdmWORWIHP054H78f2U+QdO1nHf5vUKuYyeq5anWfYTm/VXuWraDk+hoy6xRxP2aPkMSWIk7gADlR/J8x4B/dM1Qy9rHR47+TJWo0o6gs3EVJp+pYhmVWYDqGCAdj9sa/j8BvebeLwP/9k="
      style={
        Object {
          "border": "1px solid #000000",
        }
      }
    />,
    "activeArea": undefined,
    "activeExperiment": undefined,
    "shotnum": 5,
    "timestamp": "2022-01-05 00:00:00",
  },
  Object {
    "CHANNEL_BCDEF": <img
      alt="CHANNEL_BCDEF image for timestamp 2022-01-06 00:00:00"
      src="data:image/jpeg;base64,/9j/4AAQSkZJRgABAQAAAQABAAD/4gIoSUNDX1BST0ZJTEUAAQEAAAIYAAAAAAQwAABtbnRyUkdCIFhZWiAAAAAAAAAAAAAAAABhY3NwAAAAAAAAAAAAAAAAAAAAAAAAAAAAAAAAAAAAAQAA9tYAAQAAAADTLQAAAAAAAAAAAAAAAAAAAAAAAAAAAAAAAAAAAAAAAAAAAAAAAAAAAAAAAAAAAAAAAAAAAAlkZXNjAAAA8AAAAHRyWFlaAAABZAAAABRnWFlaAAABeAAAABRiWFlaAAABjAAAABRyVFJDAAABoAAAAChnVFJDAAABoAAAAChiVFJDAAABoAAAACh3dHB0AAAByAAAABRjcHJ0AAAB3AAAADxtbHVjAAAAAAAAAAEAAAAMZW5VUwAAAFgAAAAcAHMAUgBHAEIAAAAAAAAAAAAAAAAAAAAAAAAAAAAAAAAAAAAAAAAAAAAAAAAAAAAAAAAAAAAAAAAAAAAAAAAAAAAAAAAAAAAAAAAAAAAAAAAAAAAAAAAAAFhZWiAAAAAAAABvogAAOPUAAAOQWFlaIAAAAAAAAGKZAAC3hQAAGNpYWVogAAAAAAAAJKAAAA+EAAC2z3BhcmEAAAAAAAQAAAACZmYAAPKnAAANWQAAE9AAAApbAAAAAAAAAABYWVogAAAAAAAA9tYAAQAAAADTLW1sdWMAAAAAAAAAAQAAAAxlblVTAAAAIAAAABwARwBvAG8AZwBsAGUAIABJAG4AYwAuACAAMgAwADEANv/bAEMAAwICAwICAwMDAwQDAwQFCAUFBAQFCgcHBggMCgwMCwoLCw0OEhANDhEOCwsQFhARExQVFRUMDxcYFhQYEhQVFP/bAEMBAwQEBQQFCQUFCRQNCw0UFBQUFBQUFBQUFBQUFBQUFBQUFBQUFBQUFBQUFBQUFBQUFBQUFBQUFBQUFBQUFBQUFP/AABEIABkAGQMBIgACEQEDEQH/xAAbAAABBAMAAAAAAAAAAAAAAAAFAAYICQECB//EACYQAAICAgICAQQDAQAAAAAAAAECAwQFBhESABMHISIxQRQVFkL/xAAUAQEAAAAAAAAAAAAAAAAAAAAA/8QAFBEBAAAAAAAAAAAAAAAAAAAAAP/aAAwDAQACEQMRAD8ArB1DXTt+24bBLfpYpsnchpi9kpvTWr+xwvslf/lF55J/QB8fGX+GasFvP2MbscN3XtetNUy+SlgCPXYSMkZSNXYTLKVIjKN9SD39a/cR2iYbGZHDM9ajjc3szW2iGOy981Ilg6p0eIB4vbIzl16+wkAD7G7crYLgdP0nIfEuxZLNQXa23x2n9mLpasktC4/EX9lJJIa7FllYS9GEqnotbpzLyGCtXb8BFrWbNOvae7XetWtxTyQiJ2SaCOZeyBmCkCQAgMRyD9fA3kg/mqvrNbHbjHl9bxeK2d7dSXXr2Nyzu7UQAEhlpB5BFzXeJgz+vj1qqqeWIj54BrSs3DrO54HMWI3lr4/IV7ciRcdmWORWIHP054H78f2U+QdO1nHf5vUKuYyeq5anWfYTm/VXuWraDk+hoy6xRxP2aPkMSWIk7gADlR/J8x4B/dM1Qy9rHR47+TJWo0o6gs3EVJp+pYhmVWYDqGCAdj9sa/j8BvebeLwP/9k="
      style={
        Object {
          "border": "1px solid #000000",
        }
      }
    />,
    "activeArea": undefined,
    "activeExperiment": undefined,
    "shotnum": 6,
    "timestamp": "2022-01-06 00:00:00",
  },
  Object {
    "CHANNEL_CDEFG": <img
      alt="CHANNEL_CDEFG waveform for timestamp 2022-01-07 00:00:00"
      src="data:image/jpeg;base64,/9j/4AAQSkZJRgABAQAAAQABAAD/4gIoSUNDX1BST0ZJTEUAAQEAAAIYAAAAAAQwAABtbnRyUkdCIFhZWiAAAAAAAAAAAAAAAABhY3NwAAAAAAAAAAAAAAAAAAAAAAAAAAAAAAAAAAAAAQAA9tYAAQAAAADTLQAAAAAAAAAAAAAAAAAAAAAAAAAAAAAAAAAAAAAAAAAAAAAAAAAAAAAAAAAAAAAAAAAAAAlkZXNjAAAA8AAAAHRyWFlaAAABZAAAABRnWFlaAAABeAAAABRiWFlaAAABjAAAABRyVFJDAAABoAAAAChnVFJDAAABoAAAAChiVFJDAAABoAAAACh3dHB0AAAByAAAABRjcHJ0AAAB3AAAADxtbHVjAAAAAAAAAAEAAAAMZW5VUwAAAFgAAAAcAHMAUgBHAEIAAAAAAAAAAAAAAAAAAAAAAAAAAAAAAAAAAAAAAAAAAAAAAAAAAAAAAAAAAAAAAAAAAAAAAAAAAAAAAAAAAAAAAAAAAAAAAAAAAAAAAAAAAFhZWiAAAAAAAABvogAAOPUAAAOQWFlaIAAAAAAAAGKZAAC3hQAAGNpYWVogAAAAAAAAJKAAAA+EAAC2z3BhcmEAAAAAAAQAAAACZmYAAPKnAAANWQAAE9AAAApbAAAAAAAAAABYWVogAAAAAAAA9tYAAQAAAADTLW1sdWMAAAAAAAAAAQAAAAxlblVTAAAAIAAAABwARwBvAG8AZwBsAGUAIABJAG4AYwAuACAAMgAwADEANv/bAEMAAwICAwICAwMDAwQDAwQFCAUFBAQFCgcHBggMCgwMCwoLCw0OEhANDhEOCwsQFhARExQVFRUMDxcYFhQYEhQVFP/bAEMBAwQEBQQFCQUFCRQNCw0UFBQUFBQUFBQUFBQUFBQUFBQUFBQUFBQUFBQUFBQUFBQUFBQUFBQUFBQUFBQUFBQUFP/AABEIAB4AOAMBIgACEQEDEQH/xAAbAAABBQEBAAAAAAAAAAAAAAACAAMEBQYBCf/EADQQAAIBAgQEAggFBQAAAAAAAAECAwQRAAUSIRMxQVEGkRQiIzJScZKhFlNhgdIVQmKi0f/EABcBAQEBAQAAAAAAAAAAAAAAAAADAQL/xAAcEQEAAgMBAQEAAAAAAAAAAAABAAIRIUExYRL/2gAMAwEAAhEDEQA/APSHK1pIa6CndaZovRonMJWElBw2JNgNf9t7nbtjQU1BRysyyZdTxOAG08NTseXTnsdsUoEqzZVfiPBJFCNK62AAR9V1C23G3O+/LF5NXRpU076Zt9UZ9g/Ii9+XdR54mqPyUAT7DbK6BNRajpgqi5JiXb7YZpqGjmYrJl1PE2kOoMam6nvtse46bb47WV0bpwtM3tSqW4D7i/rdPhBwU9dGk9PJpm5lCTA+wI+XcLgrnXIAxvsMZVQaSTR0wAvvwl/5iNHTUTRuzZbTodHFQFF9ZfLY8rje1xh2rro2pjHpm9q3DtwHvYne23a5/bAZhVI6oypNc6oyeC42YWty+LThZR1yKhjfYGaZVQ/0irPoVODwHO0S/Cf0wsVuZ5Rl8lHVzcTM1kaNmGqrqlS9ibWLabXPLlyFrWwsUk4OV75vQkryp4QCVHLhP11k/wCo+ZxpKxC9M+kamWzqo6kG4H2xi8oz7L4liqyatpXhjGnhQ2Sy22NtXU8yeeJtd4xX0ZjRmc1A91Z1QIf0JG4xiZMTRw5mjDrUVsZU6kSPiXHc3Cny1Ydq42kp3CC7j1lHdgbj7gYxWV+Lp4Kw+kU6R0pux4LamLdNiBt+/QYuvxvQ/lVH0r/LHJXSPZ022JyWySLVTwFDqRVMt/ncL5gt5YeqozLTuq+/a636MNx97Yz8XjDLYNXDp511HUbKu5+rDn43ofyqj6V/lgV0/rsNtmOSVmkq1WWuU90UzzX7XQgA/O58sLFPX+LstTLa1Y6edS8T3OldzY/5YWFRPZlkfJ//2Q=="
      style={
        Object {
          "border": "1px solid #000000",
        }
      }
    />,
    "activeArea": undefined,
    "activeExperiment": undefined,
    "shotnum": 7,
    "timestamp": "2022-01-07 00:00:00",
  },
  Object {
    "CHANNEL_CDEFG": <img
      alt="CHANNEL_CDEFG waveform for timestamp 2022-01-08 00:00:00"
      src="data:image/jpeg;base64,/9j/4AAQSkZJRgABAQAAAQABAAD/4gIoSUNDX1BST0ZJTEUAAQEAAAIYAAAAAAQwAABtbnRyUkdCIFhZWiAAAAAAAAAAAAAAAABhY3NwAAAAAAAAAAAAAAAAAAAAAAAAAAAAAAAAAAAAAQAA9tYAAQAAAADTLQAAAAAAAAAAAAAAAAAAAAAAAAAAAAAAAAAAAAAAAAAAAAAAAAAAAAAAAAAAAAAAAAAAAAlkZXNjAAAA8AAAAHRyWFlaAAABZAAAABRnWFlaAAABeAAAABRiWFlaAAABjAAAABRyVFJDAAABoAAAAChnVFJDAAABoAAAAChiVFJDAAABoAAAACh3dHB0AAAByAAAABRjcHJ0AAAB3AAAADxtbHVjAAAAAAAAAAEAAAAMZW5VUwAAAFgAAAAcAHMAUgBHAEIAAAAAAAAAAAAAAAAAAAAAAAAAAAAAAAAAAAAAAAAAAAAAAAAAAAAAAAAAAAAAAAAAAAAAAAAAAAAAAAAAAAAAAAAAAAAAAAAAAAAAAAAAAFhZWiAAAAAAAABvogAAOPUAAAOQWFlaIAAAAAAAAGKZAAC3hQAAGNpYWVogAAAAAAAAJKAAAA+EAAC2z3BhcmEAAAAAAAQAAAACZmYAAPKnAAANWQAAE9AAAApbAAAAAAAAAABYWVogAAAAAAAA9tYAAQAAAADTLW1sdWMAAAAAAAAAAQAAAAxlblVTAAAAIAAAABwARwBvAG8AZwBsAGUAIABJAG4AYwAuACAAMgAwADEANv/bAEMAAwICAwICAwMDAwQDAwQFCAUFBAQFCgcHBggMCgwMCwoLCw0OEhANDhEOCwsQFhARExQVFRUMDxcYFhQYEhQVFP/bAEMBAwQEBQQFCQUFCRQNCw0UFBQUFBQUFBQUFBQUFBQUFBQUFBQUFBQUFBQUFBQUFBQUFBQUFBQUFBQUFBQUFBQUFP/AABEIAB4AOAMBIgACEQEDEQH/xAAbAAABBQEBAAAAAAAAAAAAAAACAAMEBQYBCf/EADQQAAIBAgQEAggFBQAAAAAAAAECAwQRAAUSIRMxQVEGkRQiIzJScZKhFlNhgdIVQmKi0f/EABcBAQEBAQAAAAAAAAAAAAAAAAADAQL/xAAcEQEAAgMBAQEAAAAAAAAAAAABAAIRIUExYRL/2gAMAwEAAhEDEQA/APSHK1pIa6CndaZovRonMJWElBw2JNgNf9t7nbtjQU1BRysyyZdTxOAG08NTseXTnsdsUoEqzZVfiPBJFCNK62AAR9V1C23G3O+/LF5NXRpU076Zt9UZ9g/Ii9+XdR54mqPyUAT7DbK6BNRajpgqi5JiXb7YZpqGjmYrJl1PE2kOoMam6nvtse46bb47WV0bpwtM3tSqW4D7i/rdPhBwU9dGk9PJpm5lCTA+wI+XcLgrnXIAxvsMZVQaSTR0wAvvwl/5iNHTUTRuzZbTodHFQFF9ZfLY8rje1xh2rro2pjHpm9q3DtwHvYne23a5/bAZhVI6oypNc6oyeC42YWty+LThZR1yKhjfYGaZVQ/0irPoVODwHO0S/Cf0wsVuZ5Rl8lHVzcTM1kaNmGqrqlS9ibWLabXPLlyFrWwsUk4OV75vQkryp4QCVHLhP11k/wCo+ZxpKxC9M+kamWzqo6kG4H2xi8oz7L4liqyatpXhjGnhQ2Sy22NtXU8yeeJtd4xX0ZjRmc1A91Z1QIf0JG4xiZMTRw5mjDrUVsZU6kSPiXHc3Cny1Ydq42kp3CC7j1lHdgbj7gYxWV+Lp4Kw+kU6R0pux4LamLdNiBt+/QYuvxvQ/lVH0r/LHJXSPZ022JyWySLVTwFDqRVMt/ncL5gt5YeqozLTuq+/a636MNx97Yz8XjDLYNXDp511HUbKu5+rDn43ofyqj6V/lgV0/rsNtmOSVmkq1WWuU90UzzX7XQgA/O58sLFPX+LstTLa1Y6edS8T3OldzY/5YWFRPZlkfJ//2Q=="
      style={
        Object {
          "border": "1px solid #000000",
        }
      }
    />,
    "activeArea": undefined,
    "activeExperiment": undefined,
    "shotnum": 8,
    "timestamp": "2022-01-08 00:00:00",
  },
  Object {
    "CHANNEL_CDEFG": <img
      alt="CHANNEL_CDEFG waveform for timestamp 2022-01-09 00:00:00"
      src="data:image/jpeg;base64,/9j/4AAQSkZJRgABAQAAAQABAAD/4gIoSUNDX1BST0ZJTEUAAQEAAAIYAAAAAAQwAABtbnRyUkdCIFhZWiAAAAAAAAAAAAAAAABhY3NwAAAAAAAAAAAAAAAAAAAAAAAAAAAAAAAAAAAAAQAA9tYAAQAAAADTLQAAAAAAAAAAAAAAAAAAAAAAAAAAAAAAAAAAAAAAAAAAAAAAAAAAAAAAAAAAAAAAAAAAAAlkZXNjAAAA8AAAAHRyWFlaAAABZAAAABRnWFlaAAABeAAAABRiWFlaAAABjAAAABRyVFJDAAABoAAAAChnVFJDAAABoAAAAChiVFJDAAABoAAAACh3dHB0AAAByAAAABRjcHJ0AAAB3AAAADxtbHVjAAAAAAAAAAEAAAAMZW5VUwAAAFgAAAAcAHMAUgBHAEIAAAAAAAAAAAAAAAAAAAAAAAAAAAAAAAAAAAAAAAAAAAAAAAAAAAAAAAAAAAAAAAAAAAAAAAAAAAAAAAAAAAAAAAAAAAAAAAAAAAAAAAAAAFhZWiAAAAAAAABvogAAOPUAAAOQWFlaIAAAAAAAAGKZAAC3hQAAGNpYWVogAAAAAAAAJKAAAA+EAAC2z3BhcmEAAAAAAAQAAAACZmYAAPKnAAANWQAAE9AAAApbAAAAAAAAAABYWVogAAAAAAAA9tYAAQAAAADTLW1sdWMAAAAAAAAAAQAAAAxlblVTAAAAIAAAABwARwBvAG8AZwBsAGUAIABJAG4AYwAuACAAMgAwADEANv/bAEMAAwICAwICAwMDAwQDAwQFCAUFBAQFCgcHBggMCgwMCwoLCw0OEhANDhEOCwsQFhARExQVFRUMDxcYFhQYEhQVFP/bAEMBAwQEBQQFCQUFCRQNCw0UFBQUFBQUFBQUFBQUFBQUFBQUFBQUFBQUFBQUFBQUFBQUFBQUFBQUFBQUFBQUFBQUFP/AABEIAB4AOAMBIgACEQEDEQH/xAAbAAABBQEBAAAAAAAAAAAAAAACAAMEBQYBCf/EADQQAAIBAgQEAggFBQAAAAAAAAECAwQRAAUSIRMxQVEGkRQiIzJScZKhFlNhgdIVQmKi0f/EABcBAQEBAQAAAAAAAAAAAAAAAAADAQL/xAAcEQEAAgMBAQEAAAAAAAAAAAABAAIRIUExYRL/2gAMAwEAAhEDEQA/APSHK1pIa6CndaZovRonMJWElBw2JNgNf9t7nbtjQU1BRysyyZdTxOAG08NTseXTnsdsUoEqzZVfiPBJFCNK62AAR9V1C23G3O+/LF5NXRpU076Zt9UZ9g/Ii9+XdR54mqPyUAT7DbK6BNRajpgqi5JiXb7YZpqGjmYrJl1PE2kOoMam6nvtse46bb47WV0bpwtM3tSqW4D7i/rdPhBwU9dGk9PJpm5lCTA+wI+XcLgrnXIAxvsMZVQaSTR0wAvvwl/5iNHTUTRuzZbTodHFQFF9ZfLY8rje1xh2rro2pjHpm9q3DtwHvYne23a5/bAZhVI6oypNc6oyeC42YWty+LThZR1yKhjfYGaZVQ/0irPoVODwHO0S/Cf0wsVuZ5Rl8lHVzcTM1kaNmGqrqlS9ibWLabXPLlyFrWwsUk4OV75vQkryp4QCVHLhP11k/wCo+ZxpKxC9M+kamWzqo6kG4H2xi8oz7L4liqyatpXhjGnhQ2Sy22NtXU8yeeJtd4xX0ZjRmc1A91Z1QIf0JG4xiZMTRw5mjDrUVsZU6kSPiXHc3Cny1Ydq42kp3CC7j1lHdgbj7gYxWV+Lp4Kw+kU6R0pux4LamLdNiBt+/QYuvxvQ/lVH0r/LHJXSPZ022JyWySLVTwFDqRVMt/ncL5gt5YeqozLTuq+/a636MNx97Yz8XjDLYNXDp511HUbKu5+rDn43ofyqj6V/lgV0/rsNtmOSVmkq1WWuU90UzzX7XQgA/O58sLFPX+LstTLa1Y6edS8T3OldzY/5YWFRPZlkfJ//2Q=="
      style={
        Object {
          "border": "1px solid #000000",
        }
      }
    />,
    "activeArea": undefined,
    "activeExperiment": undefined,
    "shotnum": 9,
    "timestamp": "2022-01-09 00:00:00",
  },
  Object {
    "CHANNEL_DEFGH": 10,
    "activeArea": undefined,
    "activeExperiment": undefined,
    "shotnum": 10,
    "timestamp": "2022-01-10 00:00:00",
  },
  Object {
    "CHANNEL_DEFGH": 11,
    "activeArea": undefined,
    "activeExperiment": undefined,
    "shotnum": 9,
    "timestamp": "2022-01-11 00:00:00",
  },
  Object {
    "CHANNEL_DEFGH": 12,
    "activeArea": undefined,
    "activeExperiment": undefined,
    "shotnum": 12,
    "timestamp": "2022-01-12 00:00:00",
  },
  Object {
    "CHANNEL_EFGHI": <img
      alt="CHANNEL_EFGHI image for timestamp 2022-01-13 00:00:00"
      src="data:image/jpeg;base64,/9j/4AAQSkZJRgABAQAAAQABAAD/4gIoSUNDX1BST0ZJTEUAAQEAAAIYAAAAAAQwAABtbnRyUkdCIFhZWiAAAAAAAAAAAAAAAABhY3NwAAAAAAAAAAAAAAAAAAAAAAAAAAAAAAAAAAAAAQAA9tYAAQAAAADTLQAAAAAAAAAAAAAAAAAAAAAAAAAAAAAAAAAAAAAAAAAAAAAAAAAAAAAAAAAAAAAAAAAAAAlkZXNjAAAA8AAAAHRyWFlaAAABZAAAABRnWFlaAAABeAAAABRiWFlaAAABjAAAABRyVFJDAAABoAAAAChnVFJDAAABoAAAAChiVFJDAAABoAAAACh3dHB0AAAByAAAABRjcHJ0AAAB3AAAADxtbHVjAAAAAAAAAAEAAAAMZW5VUwAAAFgAAAAcAHMAUgBHAEIAAAAAAAAAAAAAAAAAAAAAAAAAAAAAAAAAAAAAAAAAAAAAAAAAAAAAAAAAAAAAAAAAAAAAAAAAAAAAAAAAAAAAAAAAAAAAAAAAAAAAAAAAAFhZWiAAAAAAAABvogAAOPUAAAOQWFlaIAAAAAAAAGKZAAC3hQAAGNpYWVogAAAAAAAAJKAAAA+EAAC2z3BhcmEAAAAAAAQAAAACZmYAAPKnAAANWQAAE9AAAApbAAAAAAAAAABYWVogAAAAAAAA9tYAAQAAAADTLW1sdWMAAAAAAAAAAQAAAAxlblVTAAAAIAAAABwARwBvAG8AZwBsAGUAIABJAG4AYwAuACAAMgAwADEANv/bAEMAAwICAwICAwMDAwQDAwQFCAUFBAQFCgcHBggMCgwMCwoLCw0OEhANDhEOCwsQFhARExQVFRUMDxcYFhQYEhQVFP/bAEMBAwQEBQQFCQUFCRQNCw0UFBQUFBQUFBQUFBQUFBQUFBQUFBQUFBQUFBQUFBQUFBQUFBQUFBQUFBQUFBQUFBQUFP/AABEIABkAGQMBIgACEQEDEQH/xAAbAAABBAMAAAAAAAAAAAAAAAAFAAYICQECB//EACYQAAICAgICAQQDAQAAAAAAAAECAwQFBhESABMHISIxQRQVFkL/xAAUAQEAAAAAAAAAAAAAAAAAAAAA/8QAFBEBAAAAAAAAAAAAAAAAAAAAAP/aAAwDAQACEQMRAD8ArB1DXTt+24bBLfpYpsnchpi9kpvTWr+xwvslf/lF55J/QB8fGX+GasFvP2MbscN3XtetNUy+SlgCPXYSMkZSNXYTLKVIjKN9SD39a/cR2iYbGZHDM9ajjc3szW2iGOy981Ilg6p0eIB4vbIzl16+wkAD7G7crYLgdP0nIfEuxZLNQXa23x2n9mLpasktC4/EX9lJJIa7FllYS9GEqnotbpzLyGCtXb8BFrWbNOvae7XetWtxTyQiJ2SaCOZeyBmCkCQAgMRyD9fA3kg/mqvrNbHbjHl9bxeK2d7dSXXr2Nyzu7UQAEhlpB5BFzXeJgz+vj1qqqeWIj54BrSs3DrO54HMWI3lr4/IV7ciRcdmWORWIHP054H78f2U+QdO1nHf5vUKuYyeq5anWfYTm/VXuWraDk+hoy6xRxP2aPkMSWIk7gADlR/J8x4B/dM1Qy9rHR47+TJWo0o6gs3EVJp+pYhmVWYDqGCAdj9sa/j8BvebeLwP/9k="
      style={
        Object {
          "border": "1px solid #000000",
        }
      }
    />,
    "activeArea": undefined,
    "activeExperiment": undefined,
    "shotnum": 13,
    "timestamp": "2022-01-13 00:00:00",
  },
  Object {
    "CHANNEL_EFGHI": <img
      alt="CHANNEL_EFGHI image for timestamp 2022-01-14 00:00:00"
      src="data:image/jpeg;base64,/9j/4AAQSkZJRgABAQAAAQABAAD/4gIoSUNDX1BST0ZJTEUAAQEAAAIYAAAAAAQwAABtbnRyUkdCIFhZWiAAAAAAAAAAAAAAAABhY3NwAAAAAAAAAAAAAAAAAAAAAAAAAAAAAAAAAAAAAQAA9tYAAQAAAADTLQAAAAAAAAAAAAAAAAAAAAAAAAAAAAAAAAAAAAAAAAAAAAAAAAAAAAAAAAAAAAAAAAAAAAlkZXNjAAAA8AAAAHRyWFlaAAABZAAAABRnWFlaAAABeAAAABRiWFlaAAABjAAAABRyVFJDAAABoAAAAChnVFJDAAABoAAAAChiVFJDAAABoAAAACh3dHB0AAAByAAAABRjcHJ0AAAB3AAAADxtbHVjAAAAAAAAAAEAAAAMZW5VUwAAAFgAAAAcAHMAUgBHAEIAAAAAAAAAAAAAAAAAAAAAAAAAAAAAAAAAAAAAAAAAAAAAAAAAAAAAAAAAAAAAAAAAAAAAAAAAAAAAAAAAAAAAAAAAAAAAAAAAAAAAAAAAAFhZWiAAAAAAAABvogAAOPUAAAOQWFlaIAAAAAAAAGKZAAC3hQAAGNpYWVogAAAAAAAAJKAAAA+EAAC2z3BhcmEAAAAAAAQAAAACZmYAAPKnAAANWQAAE9AAAApbAAAAAAAAAABYWVogAAAAAAAA9tYAAQAAAADTLW1sdWMAAAAAAAAAAQAAAAxlblVTAAAAIAAAABwARwBvAG8AZwBsAGUAIABJAG4AYwAuACAAMgAwADEANv/bAEMAAwICAwICAwMDAwQDAwQFCAUFBAQFCgcHBggMCgwMCwoLCw0OEhANDhEOCwsQFhARExQVFRUMDxcYFhQYEhQVFP/bAEMBAwQEBQQFCQUFCRQNCw0UFBQUFBQUFBQUFBQUFBQUFBQUFBQUFBQUFBQUFBQUFBQUFBQUFBQUFBQUFBQUFBQUFP/AABEIABkAGQMBIgACEQEDEQH/xAAbAAABBAMAAAAAAAAAAAAAAAAFAAYICQECB//EACYQAAICAgICAQQDAQAAAAAAAAECAwQFBhESABMHISIxQRQVFkL/xAAUAQEAAAAAAAAAAAAAAAAAAAAA/8QAFBEBAAAAAAAAAAAAAAAAAAAAAP/aAAwDAQACEQMRAD8ArB1DXTt+24bBLfpYpsnchpi9kpvTWr+xwvslf/lF55J/QB8fGX+GasFvP2MbscN3XtetNUy+SlgCPXYSMkZSNXYTLKVIjKN9SD39a/cR2iYbGZHDM9ajjc3szW2iGOy981Ilg6p0eIB4vbIzl16+wkAD7G7crYLgdP0nIfEuxZLNQXa23x2n9mLpasktC4/EX9lJJIa7FllYS9GEqnotbpzLyGCtXb8BFrWbNOvae7XetWtxTyQiJ2SaCOZeyBmCkCQAgMRyD9fA3kg/mqvrNbHbjHl9bxeK2d7dSXXr2Nyzu7UQAEhlpB5BFzXeJgz+vj1qqqeWIj54BrSs3DrO54HMWI3lr4/IV7ciRcdmWORWIHP054H78f2U+QdO1nHf5vUKuYyeq5anWfYTm/VXuWraDk+hoy6xRxP2aPkMSWIk7gADlR/J8x4B/dM1Qy9rHR47+TJWo0o6gs3EVJp+pYhmVWYDqGCAdj9sa/j8BvebeLwP/9k="
      style={
        Object {
          "border": "1px solid #000000",
        }
      }
    />,
    "activeArea": undefined,
    "activeExperiment": undefined,
    "shotnum": 14,
    "timestamp": "2022-01-14 00:00:00",
  },
  Object {
    "CHANNEL_EFGHI": <img
      alt="CHANNEL_EFGHI image for timestamp 2022-01-15 00:00:00"
      src="data:image/jpeg;base64,/9j/4AAQSkZJRgABAQAAAQABAAD/4gIoSUNDX1BST0ZJTEUAAQEAAAIYAAAAAAQwAABtbnRyUkdCIFhZWiAAAAAAAAAAAAAAAABhY3NwAAAAAAAAAAAAAAAAAAAAAAAAAAAAAAAAAAAAAQAA9tYAAQAAAADTLQAAAAAAAAAAAAAAAAAAAAAAAAAAAAAAAAAAAAAAAAAAAAAAAAAAAAAAAAAAAAAAAAAAAAlkZXNjAAAA8AAAAHRyWFlaAAABZAAAABRnWFlaAAABeAAAABRiWFlaAAABjAAAABRyVFJDAAABoAAAAChnVFJDAAABoAAAAChiVFJDAAABoAAAACh3dHB0AAAByAAAABRjcHJ0AAAB3AAAADxtbHVjAAAAAAAAAAEAAAAMZW5VUwAAAFgAAAAcAHMAUgBHAEIAAAAAAAAAAAAAAAAAAAAAAAAAAAAAAAAAAAAAAAAAAAAAAAAAAAAAAAAAAAAAAAAAAAAAAAAAAAAAAAAAAAAAAAAAAAAAAAAAAAAAAAAAAFhZWiAAAAAAAABvogAAOPUAAAOQWFlaIAAAAAAAAGKZAAC3hQAAGNpYWVogAAAAAAAAJKAAAA+EAAC2z3BhcmEAAAAAAAQAAAACZmYAAPKnAAANWQAAE9AAAApbAAAAAAAAAABYWVogAAAAAAAA9tYAAQAAAADTLW1sdWMAAAAAAAAAAQAAAAxlblVTAAAAIAAAABwARwBvAG8AZwBsAGUAIABJAG4AYwAuACAAMgAwADEANv/bAEMAAwICAwICAwMDAwQDAwQFCAUFBAQFCgcHBggMCgwMCwoLCw0OEhANDhEOCwsQFhARExQVFRUMDxcYFhQYEhQVFP/bAEMBAwQEBQQFCQUFCRQNCw0UFBQUFBQUFBQUFBQUFBQUFBQUFBQUFBQUFBQUFBQUFBQUFBQUFBQUFBQUFBQUFBQUFP/AABEIABkAGQMBIgACEQEDEQH/xAAbAAABBAMAAAAAAAAAAAAAAAAFAAYICQECB//EACYQAAICAgICAQQDAQAAAAAAAAECAwQFBhESABMHISIxQRQVFkL/xAAUAQEAAAAAAAAAAAAAAAAAAAAA/8QAFBEBAAAAAAAAAAAAAAAAAAAAAP/aAAwDAQACEQMRAD8ArB1DXTt+24bBLfpYpsnchpi9kpvTWr+xwvslf/lF55J/QB8fGX+GasFvP2MbscN3XtetNUy+SlgCPXYSMkZSNXYTLKVIjKN9SD39a/cR2iYbGZHDM9ajjc3szW2iGOy981Ilg6p0eIB4vbIzl16+wkAD7G7crYLgdP0nIfEuxZLNQXa23x2n9mLpasktC4/EX9lJJIa7FllYS9GEqnotbpzLyGCtXb8BFrWbNOvae7XetWtxTyQiJ2SaCOZeyBmCkCQAgMRyD9fA3kg/mqvrNbHbjHl9bxeK2d7dSXXr2Nyzu7UQAEhlpB5BFzXeJgz+vj1qqqeWIj54BrSs3DrO54HMWI3lr4/IV7ciRcdmWORWIHP054H78f2U+QdO1nHf5vUKuYyeq5anWfYTm/VXuWraDk+hoy6xRxP2aPkMSWIk7gADlR/J8x4B/dM1Qy9rHR47+TJWo0o6gs3EVJp+pYhmVWYDqGCAdj9sa/j8BvebeLwP/9k="
      style={
        Object {
          "border": "1px solid #000000",
        }
      }
    />,
    "activeArea": undefined,
    "activeExperiment": undefined,
    "shotnum": 15,
    "timestamp": "2022-01-15 00:00:00",
  },
  Object {
    "CHANNEL_FGHIJ": <img
      alt="CHANNEL_FGHIJ waveform for timestamp 2022-01-16 00:00:00"
      src="data:image/jpeg;base64,/9j/4AAQSkZJRgABAQAAAQABAAD/4gIoSUNDX1BST0ZJTEUAAQEAAAIYAAAAAAQwAABtbnRyUkdCIFhZWiAAAAAAAAAAAAAAAABhY3NwAAAAAAAAAAAAAAAAAAAAAAAAAAAAAAAAAAAAAQAA9tYAAQAAAADTLQAAAAAAAAAAAAAAAAAAAAAAAAAAAAAAAAAAAAAAAAAAAAAAAAAAAAAAAAAAAAAAAAAAAAlkZXNjAAAA8AAAAHRyWFlaAAABZAAAABRnWFlaAAABeAAAABRiWFlaAAABjAAAABRyVFJDAAABoAAAAChnVFJDAAABoAAAAChiVFJDAAABoAAAACh3dHB0AAAByAAAABRjcHJ0AAAB3AAAADxtbHVjAAAAAAAAAAEAAAAMZW5VUwAAAFgAAAAcAHMAUgBHAEIAAAAAAAAAAAAAAAAAAAAAAAAAAAAAAAAAAAAAAAAAAAAAAAAAAAAAAAAAAAAAAAAAAAAAAAAAAAAAAAAAAAAAAAAAAAAAAAAAAAAAAAAAAFhZWiAAAAAAAABvogAAOPUAAAOQWFlaIAAAAAAAAGKZAAC3hQAAGNpYWVogAAAAAAAAJKAAAA+EAAC2z3BhcmEAAAAAAAQAAAACZmYAAPKnAAANWQAAE9AAAApbAAAAAAAAAABYWVogAAAAAAAA9tYAAQAAAADTLW1sdWMAAAAAAAAAAQAAAAxlblVTAAAAIAAAABwARwBvAG8AZwBsAGUAIABJAG4AYwAuACAAMgAwADEANv/bAEMAAwICAwICAwMDAwQDAwQFCAUFBAQFCgcHBggMCgwMCwoLCw0OEhANDhEOCwsQFhARExQVFRUMDxcYFhQYEhQVFP/bAEMBAwQEBQQFCQUFCRQNCw0UFBQUFBQUFBQUFBQUFBQUFBQUFBQUFBQUFBQUFBQUFBQUFBQUFBQUFBQUFBQUFBQUFP/AABEIAB4AOAMBIgACEQEDEQH/xAAbAAABBQEBAAAAAAAAAAAAAAACAAMEBQYBCf/EADQQAAIBAgQEAggFBQAAAAAAAAECAwQRAAUSIRMxQVEGkRQiIzJScZKhFlNhgdIVQmKi0f/EABcBAQEBAQAAAAAAAAAAAAAAAAADAQL/xAAcEQEAAgMBAQEAAAAAAAAAAAABAAIRIUExYRL/2gAMAwEAAhEDEQA/APSHK1pIa6CndaZovRonMJWElBw2JNgNf9t7nbtjQU1BRysyyZdTxOAG08NTseXTnsdsUoEqzZVfiPBJFCNK62AAR9V1C23G3O+/LF5NXRpU076Zt9UZ9g/Ii9+XdR54mqPyUAT7DbK6BNRajpgqi5JiXb7YZpqGjmYrJl1PE2kOoMam6nvtse46bb47WV0bpwtM3tSqW4D7i/rdPhBwU9dGk9PJpm5lCTA+wI+XcLgrnXIAxvsMZVQaSTR0wAvvwl/5iNHTUTRuzZbTodHFQFF9ZfLY8rje1xh2rro2pjHpm9q3DtwHvYne23a5/bAZhVI6oypNc6oyeC42YWty+LThZR1yKhjfYGaZVQ/0irPoVODwHO0S/Cf0wsVuZ5Rl8lHVzcTM1kaNmGqrqlS9ibWLabXPLlyFrWwsUk4OV75vQkryp4QCVHLhP11k/wCo+ZxpKxC9M+kamWzqo6kG4H2xi8oz7L4liqyatpXhjGnhQ2Sy22NtXU8yeeJtd4xX0ZjRmc1A91Z1QIf0JG4xiZMTRw5mjDrUVsZU6kSPiXHc3Cny1Ydq42kp3CC7j1lHdgbj7gYxWV+Lp4Kw+kU6R0pux4LamLdNiBt+/QYuvxvQ/lVH0r/LHJXSPZ022JyWySLVTwFDqRVMt/ncL5gt5YeqozLTuq+/a636MNx97Yz8XjDLYNXDp511HUbKu5+rDn43ofyqj6V/lgV0/rsNtmOSVmkq1WWuU90UzzX7XQgA/O58sLFPX+LstTLa1Y6edS8T3OldzY/5YWFRPZlkfJ//2Q=="
      style={
        Object {
          "border": "1px solid #000000",
        }
      }
    />,
    "CHANNEL_GHIJK": 18,
    "activeArea": undefined,
    "activeExperiment": undefined,
    "shotnum": 16,
    "timestamp": "2022-01-16 00:00:00",
  },
  Object {
    "CHANNEL_FGHIJ": <img
      alt="CHANNEL_FGHIJ waveform for timestamp 2022-01-17 00:00:00"
      src="data:image/jpeg;base64,/9j/4AAQSkZJRgABAQAAAQABAAD/4gIoSUNDX1BST0ZJTEUAAQEAAAIYAAAAAAQwAABtbnRyUkdCIFhZWiAAAAAAAAAAAAAAAABhY3NwAAAAAAAAAAAAAAAAAAAAAAAAAAAAAAAAAAAAAQAA9tYAAQAAAADTLQAAAAAAAAAAAAAAAAAAAAAAAAAAAAAAAAAAAAAAAAAAAAAAAAAAAAAAAAAAAAAAAAAAAAlkZXNjAAAA8AAAAHRyWFlaAAABZAAAABRnWFlaAAABeAAAABRiWFlaAAABjAAAABRyVFJDAAABoAAAAChnVFJDAAABoAAAAChiVFJDAAABoAAAACh3dHB0AAAByAAAABRjcHJ0AAAB3AAAADxtbHVjAAAAAAAAAAEAAAAMZW5VUwAAAFgAAAAcAHMAUgBHAEIAAAAAAAAAAAAAAAAAAAAAAAAAAAAAAAAAAAAAAAAAAAAAAAAAAAAAAAAAAAAAAAAAAAAAAAAAAAAAAAAAAAAAAAAAAAAAAAAAAAAAAAAAAFhZWiAAAAAAAABvogAAOPUAAAOQWFlaIAAAAAAAAGKZAAC3hQAAGNpYWVogAAAAAAAAJKAAAA+EAAC2z3BhcmEAAAAAAAQAAAACZmYAAPKnAAANWQAAE9AAAApbAAAAAAAAAABYWVogAAAAAAAA9tYAAQAAAADTLW1sdWMAAAAAAAAAAQAAAAxlblVTAAAAIAAAABwARwBvAG8AZwBsAGUAIABJAG4AYwAuACAAMgAwADEANv/bAEMAAwICAwICAwMDAwQDAwQFCAUFBAQFCgcHBggMCgwMCwoLCw0OEhANDhEOCwsQFhARExQVFRUMDxcYFhQYEhQVFP/bAEMBAwQEBQQFCQUFCRQNCw0UFBQUFBQUFBQUFBQUFBQUFBQUFBQUFBQUFBQUFBQUFBQUFBQUFBQUFBQUFBQUFBQUFP/AABEIAB4AOAMBIgACEQEDEQH/xAAbAAABBQEBAAAAAAAAAAAAAAACAAMEBQYBCf/EADQQAAIBAgQEAggFBQAAAAAAAAECAwQRAAUSIRMxQVEGkRQiIzJScZKhFlNhgdIVQmKi0f/EABcBAQEBAQAAAAAAAAAAAAAAAAADAQL/xAAcEQEAAgMBAQEAAAAAAAAAAAABAAIRIUExYRL/2gAMAwEAAhEDEQA/APSHK1pIa6CndaZovRonMJWElBw2JNgNf9t7nbtjQU1BRysyyZdTxOAG08NTseXTnsdsUoEqzZVfiPBJFCNK62AAR9V1C23G3O+/LF5NXRpU076Zt9UZ9g/Ii9+XdR54mqPyUAT7DbK6BNRajpgqi5JiXb7YZpqGjmYrJl1PE2kOoMam6nvtse46bb47WV0bpwtM3tSqW4D7i/rdPhBwU9dGk9PJpm5lCTA+wI+XcLgrnXIAxvsMZVQaSTR0wAvvwl/5iNHTUTRuzZbTodHFQFF9ZfLY8rje1xh2rro2pjHpm9q3DtwHvYne23a5/bAZhVI6oypNc6oyeC42YWty+LThZR1yKhjfYGaZVQ/0irPoVODwHO0S/Cf0wsVuZ5Rl8lHVzcTM1kaNmGqrqlS9ibWLabXPLlyFrWwsUk4OV75vQkryp4QCVHLhP11k/wCo+ZxpKxC9M+kamWzqo6kG4H2xi8oz7L4liqyatpXhjGnhQ2Sy22NtXU8yeeJtd4xX0ZjRmc1A91Z1QIf0JG4xiZMTRw5mjDrUVsZU6kSPiXHc3Cny1Ydq42kp3CC7j1lHdgbj7gYxWV+Lp4Kw+kU6R0pux4LamLdNiBt+/QYuvxvQ/lVH0r/LHJXSPZ022JyWySLVTwFDqRVMt/ncL5gt5YeqozLTuq+/a636MNx97Yz8XjDLYNXDp511HUbKu5+rDn43ofyqj6V/lgV0/rsNtmOSVmkq1WWuU90UzzX7XQgA/O58sLFPX+LstTLa1Y6edS8T3OldzY/5YWFRPZlkfJ//2Q=="
      style={
        Object {
          "border": "1px solid #000000",
        }
      }
    />,
    "CHANNEL_GHIJK": 17,
    "activeArea": undefined,
    "activeExperiment": undefined,
    "shotnum": 17,
    "timestamp": "2022-01-17 00:00:00",
  },
  Object {
    "CHANNEL_FGHIJ": <img
      alt="CHANNEL_FGHIJ waveform for timestamp 2022-01-18 00:00:00"
      src="data:image/jpeg;base64,/9j/4AAQSkZJRgABAQAAAQABAAD/4gIoSUNDX1BST0ZJTEUAAQEAAAIYAAAAAAQwAABtbnRyUkdCIFhZWiAAAAAAAAAAAAAAAABhY3NwAAAAAAAAAAAAAAAAAAAAAAAAAAAAAAAAAAAAAQAA9tYAAQAAAADTLQAAAAAAAAAAAAAAAAAAAAAAAAAAAAAAAAAAAAAAAAAAAAAAAAAAAAAAAAAAAAAAAAAAAAlkZXNjAAAA8AAAAHRyWFlaAAABZAAAABRnWFlaAAABeAAAABRiWFlaAAABjAAAABRyVFJDAAABoAAAAChnVFJDAAABoAAAAChiVFJDAAABoAAAACh3dHB0AAAByAAAABRjcHJ0AAAB3AAAADxtbHVjAAAAAAAAAAEAAAAMZW5VUwAAAFgAAAAcAHMAUgBHAEIAAAAAAAAAAAAAAAAAAAAAAAAAAAAAAAAAAAAAAAAAAAAAAAAAAAAAAAAAAAAAAAAAAAAAAAAAAAAAAAAAAAAAAAAAAAAAAAAAAAAAAAAAAFhZWiAAAAAAAABvogAAOPUAAAOQWFlaIAAAAAAAAGKZAAC3hQAAGNpYWVogAAAAAAAAJKAAAA+EAAC2z3BhcmEAAAAAAAQAAAACZmYAAPKnAAANWQAAE9AAAApbAAAAAAAAAABYWVogAAAAAAAA9tYAAQAAAADTLW1sdWMAAAAAAAAAAQAAAAxlblVTAAAAIAAAABwARwBvAG8AZwBsAGUAIABJAG4AYwAuACAAMgAwADEANv/bAEMAAwICAwICAwMDAwQDAwQFCAUFBAQFCgcHBggMCgwMCwoLCw0OEhANDhEOCwsQFhARExQVFRUMDxcYFhQYEhQVFP/bAEMBAwQEBQQFCQUFCRQNCw0UFBQUFBQUFBQUFBQUFBQUFBQUFBQUFBQUFBQUFBQUFBQUFBQUFBQUFBQUFBQUFBQUFP/AABEIAB4AOAMBIgACEQEDEQH/xAAbAAABBQEBAAAAAAAAAAAAAAACAAMEBQYBCf/EADQQAAIBAgQEAggFBQAAAAAAAAECAwQRAAUSIRMxQVEGkRQiIzJScZKhFlNhgdIVQmKi0f/EABcBAQEBAQAAAAAAAAAAAAAAAAADAQL/xAAcEQEAAgMBAQEAAAAAAAAAAAABAAIRIUExYRL/2gAMAwEAAhEDEQA/APSHK1pIa6CndaZovRonMJWElBw2JNgNf9t7nbtjQU1BRysyyZdTxOAG08NTseXTnsdsUoEqzZVfiPBJFCNK62AAR9V1C23G3O+/LF5NXRpU076Zt9UZ9g/Ii9+XdR54mqPyUAT7DbK6BNRajpgqi5JiXb7YZpqGjmYrJl1PE2kOoMam6nvtse46bb47WV0bpwtM3tSqW4D7i/rdPhBwU9dGk9PJpm5lCTA+wI+XcLgrnXIAxvsMZVQaSTR0wAvvwl/5iNHTUTRuzZbTodHFQFF9ZfLY8rje1xh2rro2pjHpm9q3DtwHvYne23a5/bAZhVI6oypNc6oyeC42YWty+LThZR1yKhjfYGaZVQ/0irPoVODwHO0S/Cf0wsVuZ5Rl8lHVzcTM1kaNmGqrqlS9ibWLabXPLlyFrWwsUk4OV75vQkryp4QCVHLhP11k/wCo+ZxpKxC9M+kamWzqo6kG4H2xi8oz7L4liqyatpXhjGnhQ2Sy22NtXU8yeeJtd4xX0ZjRmc1A91Z1QIf0JG4xiZMTRw5mjDrUVsZU6kSPiXHc3Cny1Ydq42kp3CC7j1lHdgbj7gYxWV+Lp4Kw+kU6R0pux4LamLdNiBt+/QYuvxvQ/lVH0r/LHJXSPZ022JyWySLVTwFDqRVMt/ncL5gt5YeqozLTuq+/a636MNx97Yz8XjDLYNXDp511HUbKu5+rDn43ofyqj6V/lgV0/rsNtmOSVmkq1WWuU90UzzX7XQgA/O58sLFPX+LstTLa1Y6edS8T3OldzY/5YWFRPZlkfJ//2Q=="
      style={
        Object {
          "border": "1px solid #000000",
        }
      }
    />,
    "CHANNEL_GHIJK": 18,
    "activeArea": undefined,
    "activeExperiment": undefined,
    "shotnum": 18,
    "timestamp": "2022-01-18 00:00:00",
  },
]
`;
