// Vitest Snapshot v1, https://vitest.dev/guide/snapshot.html

exports[`Experiment search > renders correctly 1`] = `
<DocumentFragment>
  <div
    class="MuiBox-root css-79elbk"
  >
    <div
      aria-label="close experiment search box"
      class="MuiBox-root css-1mjwt1c"
    >
      <svg
        aria-hidden="true"
        class="MuiSvgIcon-root MuiSvgIcon-fontSizeMedium css-1hspsbx-MuiSvgIcon-root"
        data-testid="ScienceOutlinedIcon"
        focusable="false"
        viewBox="0 0 24 24"
      >
        <path
          d="M13 11.33 18 18H6l5-6.67V6h2m2.96-2H8.04c-.42 0-.65.48-.39.81L9 6.5v4.17L3.2 18.4c-.49.66-.02 1.6.8 1.6h16c.82 0 1.29-.94.8-1.6L15 10.67V6.5l1.35-1.69c.26-.33.03-.81-.39-.81"
        />
      </svg>
      <div>
        <p
          class="MuiTypography-root MuiTypography-body1 MuiTypography-noWrap css-fvtpii-MuiTypography-root"
        >
          Experiment
        </p>
        <h6
          class="MuiTypography-root MuiTypography-subtitle1 MuiTypography-noWrap css-b87fj0-MuiTypography-root"
        >
          Select
        </h6>
      </div>
    </div>
    <div
      class="MuiBox-root css-1997yk"
      role="dialog"
    >
      <div
        class="MuiBox-root css-pse7nm"
      >
        <p
          class="MuiTypography-root MuiTypography-body1 MuiTypography-gutterBottom css-um3j9i-MuiTypography-root"
        >
          Select your experiment
        </p>
        <hr
          class="MuiDivider-root MuiDivider-fullWidth css-vy62gc-MuiDivider-root"
        />
        <div
          class="MuiGrid-root MuiGrid-container MuiGrid-spacing-xs-1 css-a5rdam-MuiGrid-root"
        >
          <div
            class="MuiGrid-root MuiGrid-item MuiGrid-grid-xs-15 css-1b7af02-MuiGrid-root"
          >
            <div
              class="MuiAutocomplete-root MuiAutocomplete-fullWidth MuiAutocomplete-hasPopupIcon css-hcdzbm-MuiAutocomplete-root"
            >
              <div
                class="MuiFormControl-root MuiFormControl-fullWidth MuiTextField-root css-wb57ya-MuiFormControl-root-MuiTextField-root"
              >
                <label
                  class="MuiFormLabel-root MuiInputLabel-root MuiInputLabel-formControl MuiInputLabel-animated MuiInputLabel-shrink MuiInputLabel-sizeSmall MuiInputLabel-outlined MuiFormLabel-colorPrimary MuiInputLabel-root MuiInputLabel-formControl MuiInputLabel-animated MuiInputLabel-shrink MuiInputLabel-sizeSmall MuiInputLabel-outlined css-1jy569b-MuiFormLabel-root-MuiInputLabel-root"
                  data-shrink="true"
                  for=":r0:"
                  id=":r0:-label"
                >
                  Select your experiment
                </label>
                <div
                  class="MuiInputBase-root MuiOutlinedInput-root MuiInputBase-colorPrimary MuiInputBase-fullWidth MuiInputBase-formControl MuiInputBase-sizeSmall MuiInputBase-adornedStart MuiInputBase-adornedEnd MuiAutocomplete-inputRoot css-1gywuxd-MuiInputBase-root-MuiOutlinedInput-root"
                >
                  <div
                    class="MuiInputAdornment-root MuiInputAdornment-positionStart MuiInputAdornment-outlined MuiInputAdornment-sizeSmall css-ittuaa-MuiInputAdornment-root"
                  >
                    <span
                      class="notranslate"
                    >
                      â€‹
                    </span>
                    <svg
                      aria-hidden="true"
                      class="MuiSvgIcon-root MuiSvgIcon-fontSizeMedium css-i4bv87-MuiSvgIcon-root"
                      data-testid="SearchIcon"
                      focusable="false"
                      viewBox="0 0 24 24"
                    >
                      <path
                        d="M15.5 14h-.79l-.28-.27C15.41 12.59 16 11.11 16 9.5 16 5.91 13.09 3 9.5 3S3 5.91 3 9.5 5.91 16 9.5 16c1.61 0 3.09-.59 4.23-1.57l.27.28v.79l5 4.99L20.49 19zm-6 0C7.01 14 5 11.99 5 9.5S7.01 5 9.5 5 14 7.01 14 9.5 11.99 14 9.5 14"
                      />
                    </svg>
                  </div>
                  <input
                    aria-autocomplete="list"
                    aria-expanded="false"
                    aria-invalid="false"
                    autocapitalize="none"
                    autocomplete="off"
                    class="MuiInputBase-input MuiOutlinedInput-input MuiInputBase-inputSizeSmall MuiInputBase-inputAdornedStart MuiInputBase-inputAdornedEnd MuiAutocomplete-input MuiAutocomplete-inputFocused css-12yjm75-MuiInputBase-input-MuiOutlinedInput-input"
                    id=":r0:"
                    name="experiment id"
                    role="combobox"
                    spellcheck="false"
                    type="text"
                    value=""
                  />
                  <div
                    class="MuiAutocomplete-endAdornment css-p1olib-MuiAutocomplete-endAdornment"
                  >
                    <button
                      aria-label="Open"
                      class="MuiButtonBase-root MuiIconButton-root MuiIconButton-sizeMedium MuiAutocomplete-popupIndicator css-qzbt6i-MuiButtonBase-root-MuiIconButton-root-MuiAutocomplete-popupIndicator"
                      tabindex="-1"
                      title="Open"
                      type="button"
                    >
                      <svg
                        aria-hidden="true"
                        class="MuiSvgIcon-root MuiSvgIcon-fontSizeMedium css-i4bv87-MuiSvgIcon-root"
                        data-testid="ArrowDropDownIcon"
                        focusable="false"
                        viewBox="0 0 24 24"
                      >
                        <path
                          d="M7 10l5 5 5-5z"
                        />
                      </svg>
                      <span
                        class="MuiTouchRipple-root css-8je8zh-MuiTouchRipple-root"
                      />
                    </button>
                  </div>
                  <fieldset
                    aria-hidden="true"
                    class="MuiOutlinedInput-notchedOutline css-1d3z3hw-MuiOutlinedInput-notchedOutline"
                  >
                    <legend
                      class="css-14lo706"
                    >
                      <span>
                        Select your experiment
                      </span>
                    </legend>
                  </fieldset>
                </div>
              </div>
            </div>
          </div>
        </div>
      </div>
    </div>
  </div>
</DocumentFragment>
`;
