// Jest Snapshot v1, https://goo.gl/fbAQLP

exports[`Data Header opens menu when menu icon is clicked 1`] = `
<ul
  aria-labelledby="test-menu-button"
  class="MuiList-root MuiList-padding MuiList-dense MuiMenu-list css-6hp17o-MuiList-root-MuiMenu-list"
  role="menu"
  tabindex="-1"
>
  <li
    class="MuiButtonBase-root MuiMenuItem-root MuiMenuItem-gutters MuiMenuItem-root MuiMenuItem-gutters css-g6xhbl-MuiButtonBase-root-MuiMenuItem-root"
    role="menuitem"
    tabindex="0"
  >
    <div
      class="MuiListItemIcon-root css-cveggr-MuiListItemIcon-root"
    >
      <svg
        aria-hidden="true"
        class="MuiSvgIcon-root MuiSvgIcon-fontSizeMedium css-i4bv87-MuiSvgIcon-root"
        data-testid="WrapTextIcon"
        focusable="false"
        viewBox="0 0 24 24"
      >
        <path
          d="M4 19h6v-2H4zM20 5H4v2h16zm-3 6H4v2h13.25c1.1 0 2 .9 2 2s-.9 2-2 2H15v-2l-3 3 3 3v-2h2c2.21 0 4-1.79 4-4s-1.79-4-4-4"
        />
      </svg>
    </div>
    <div
      class="MuiListItemText-root MuiListItemText-dense css-tlelie-MuiListItemText-root"
    >
      <span
        class="MuiTypography-root MuiTypography-body2 MuiListItemText-primary css-et1ao3-MuiTypography-root"
      >
        Turn word wrap 
        on
      </span>
    </div>
    <span
      class="MuiTouchRipple-root css-8je8zh-MuiTouchRipple-root"
    />
  </li>
  <li
    class="MuiButtonBase-root MuiMenuItem-root MuiMenuItem-gutters MuiMenuItem-root MuiMenuItem-gutters css-g6xhbl-MuiButtonBase-root-MuiMenuItem-root"
    role="menuitem"
    tabindex="-1"
  >
    <div
      class="MuiListItemIcon-root css-cveggr-MuiListItemIcon-root"
    >
      <svg
        aria-hidden="true"
        class="MuiSvgIcon-root MuiSvgIcon-fontSizeMedium css-i4bv87-MuiSvgIcon-root"
        data-testid="CloseIcon"
        focusable="false"
        viewBox="0 0 24 24"
      >
        <path
          d="M19 6.41 17.59 5 12 10.59 6.41 5 5 6.41 10.59 12 5 17.59 6.41 19 12 13.41 17.59 19 19 17.59 13.41 12z"
        />
      </svg>
    </div>
    <div
      class="MuiListItemText-root MuiListItemText-dense css-tlelie-MuiListItemText-root"
    >
      <span
        class="MuiTypography-root MuiTypography-body2 MuiListItemText-primary css-et1ao3-MuiTypography-root"
      >
        Close
      </span>
    </div>
    <span
      class="MuiTouchRipple-root css-8je8zh-MuiTouchRipple-root"
    />
  </li>
</ul>
`;

exports[`Data Header renders correctly 1`] = `
<DocumentFragment>
  <table>
    <thead>
      <tr
        data-rfd-droppable-context-id=":r0:"
        data-rfd-droppable-id="columns"
      >
        <th
          aria-describedby="rfd-hidden-text-:r0:-hidden-text-:r1:"
          class="MuiTableCell-root MuiTableCell-head MuiTableCell-sizeSmall css-1howxi1-MuiTableCell-root"
          data-rfd-drag-handle-context-id=":r0:"
          data-rfd-drag-handle-draggable-id="test"
          data-rfd-draggable-context-id=":r0:"
          data-rfd-draggable-id="test"
          draggable="false"
          role="columnheader"
          tabindex="0"
        >
          <div
            class="MuiBox-root css-914c56"
          >
            <div
              class="MuiBox-root css-k6zrdb"
            >
              <svg
                aria-hidden="true"
                class="MuiSvgIcon-root MuiSvgIcon-fontSizeMedium css-i4bv87-MuiSvgIcon-root"
                data-testid="FeedIcon"
                focusable="false"
                viewBox="0 0 24 24"
              >
                <path
                  d="M16 3H5c-1.1 0-2 .9-2 2v14c0 1.1.9 2 2 2h14c1.1 0 2-.9 2-2V8zM7 7h5v2H7zm10 10H7v-2h10zm0-4H7v-2h10zm-2-4V5l4 4z"
                />
              </svg>
            </div>
            <div
              class="MuiBox-root css-0"
              data-mui-internal-clone-element="true"
            >
              <div>
                <p
                  class="MuiTypography-root MuiTypography-body1 MuiTypography-noWrap css-xw0cpc-MuiTypography-root"
                >
                  Test
                </p>
              </div>
            </div>
          </div>
          <div
            class="MuiBox-root css-hwtij1"
          >
            <div>
              <button
                aria-haspopup="true"
                aria-label="test menu"
                class="MuiButtonBase-root MuiIconButton-root MuiIconButton-sizeSmall css-1pe4mpk-MuiButtonBase-root-MuiIconButton-root"
                id="test-menu-button"
                tabindex="0"
                type="button"
              >
                <svg
                  aria-hidden="true"
                  class="MuiSvgIcon-root MuiSvgIcon-fontSizeInherit css-1vooibu-MuiSvgIcon-root"
                  data-testid="MoreVertIcon"
                  focusable="false"
                  viewBox="0 0 24 24"
                >
                  <path
                    d="M12 8c1.1 0 2-.9 2-2s-.9-2-2-2-2 .9-2 2 .9 2 2 2m0 2c-1.1 0-2 .9-2 2s.9 2 2 2 2-.9 2-2-.9-2-2-2m0 6c-1.1 0-2 .9-2 2s.9 2 2 2 2-.9 2-2-.9-2-2-2"
                  />
                </svg>
                <span
                  class="MuiTouchRipple-root css-8je8zh-MuiTouchRipple-root"
                />
              </button>
            </div>
            <hr
              class="MuiDivider-root MuiDivider-fullWidth MuiDivider-vertical MuiDivider-flexItem css-ykhegc-MuiDivider-root"
              contenteditable="true"
              tabindex="-1"
            />
          </div>
        </th>
      </tr>
    </thead>
  </table>
</DocumentFragment>
`;
