// Jest Snapshot v1, https://goo.gl/fbAQLP

exports[`Table renders correctly 1`] = `
<DocumentFragment>
  <div>
    <div>
      <div>
        <div
          class="MuiPaper-root MuiPaper-elevation MuiPaper-rounded MuiPaper-elevation1 MuiTableContainer-root css-11xur9t-MuiPaper-root-MuiTableContainer-root"
        >
          <table
            class="MuiTable-root css-rqglhn-MuiTable-root"
            role="table"
            style="min-width: 90px;"
          >
            <thead
              class="MuiTableHead-root css-15wwp11-MuiTableHead-root"
            >
              <tr
                class="MuiTableRow-root MuiTableRow-head css-1q1u3t4-MuiTableRow-root"
                role="row"
                style="display: flex; flex: 1 0 auto; min-width: 90px;"
              >
                <th
                  class="MuiTableCell-root MuiTableCell-head MuiTableCell-sizeSmall css-1fvzch-MuiTableCell-root"
                  role="columnheader"
                  scope="col"
                >
                  <div
                    style="overflow: hidden; flex: 1;"
                  >
                    <div
                      aria-label="id header"
                      class="MuiBox-root css-k008qs"
                    >
                      <div
                        class="MuiBox-root css-12z0wuy"
                      />
                      <div
                        class="MuiBox-root css-0"
                      >
                        <span
                          class="MuiButtonBase-root MuiTableSortLabel-root css-1qgma8u-MuiButtonBase-root-MuiTableSortLabel-root"
                          data-testid="sort id"
                          role="button"
                          tabindex="0"
                        >
                          <p
                            class="MuiTypography-root MuiTypography-body1 MuiTypography-noWrap css-xw0cpc-MuiTypography-root"
                          >
                            ID
                          </p>
                          <svg
                            aria-hidden="true"
                            class="MuiSvgIcon-root MuiSvgIcon-fontSizeMedium MuiTableSortLabel-icon MuiTableSortLabel-iconDirectionAsc css-1vweko9-MuiSvgIcon-root-MuiTableSortLabel-icon"
                            data-testid="ArrowDownwardIcon"
                            focusable="false"
                            viewBox="0 0 24 24"
                          >
                            <path
                              d="M20 12l-1.41-1.41L13 16.17V4h-2v12.17l-5.58-5.59L4 12l8 8 8-8z"
                            />
                          </svg>
                        </span>
                      </div>
                    </div>
                  </div>
                  <div
                    style="display: flex; flex-direction: row;"
                  >
                    <div
                      aria-label="close id"
                    >
                      <svg
                        aria-hidden="true"
                        class="MuiSvgIcon-root MuiSvgIcon-fontSizeMedium css-1pmilg0-MuiSvgIcon-root"
                        data-testid="CloseIcon"
                        focusable="false"
                        viewBox="0 0 24 24"
                      >
                        <path
                          d="M19 6.41 17.59 5 12 10.59 6.41 5 5 6.41 10.59 12 5 17.59 6.41 19 12 13.41 17.59 19 19 17.59 13.41 12z"
                        />
                      </svg>
                    </div>
                    <div
                      draggable="false"
                      role="separator"
                      style="margin-left: 10px; padding-left: 4px; cursor: col-resize;"
                    >
                      <hr
                        class="MuiDivider-root MuiDivider-fullWidth MuiDivider-vertical MuiDivider-flexItem css-ck7sc0-MuiDivider-root"
                      />
                    </div>
                  </div>
                </th>
                <th
                  class="MuiTableCell-root MuiTableCell-head MuiTableCell-sizeSmall css-1fvzch-MuiTableCell-root"
                  role="columnheader"
                  scope="col"
                >
                  <div
                    style="overflow: hidden; flex: 1;"
                  >
                    <div
                      aria-label="shotNum header"
                      class="MuiBox-root css-k008qs"
                    >
                      <div
                        class="MuiBox-root css-12z0wuy"
                      />
                      <div
                        class="MuiBox-root css-0"
                      >
                        <span
                          class="MuiButtonBase-root MuiTableSortLabel-root css-1qgma8u-MuiButtonBase-root-MuiTableSortLabel-root"
                          data-testid="sort shotNum"
                          role="button"
                          tabindex="0"
                        >
                          <p
                            class="MuiTypography-root MuiTypography-body1 MuiTypography-noWrap css-xw0cpc-MuiTypography-root"
                          >
                            Shot Number
                          </p>
                          <svg
                            aria-hidden="true"
                            class="MuiSvgIcon-root MuiSvgIcon-fontSizeMedium MuiTableSortLabel-icon MuiTableSortLabel-iconDirectionAsc css-1vweko9-MuiSvgIcon-root-MuiTableSortLabel-icon"
                            data-testid="ArrowDownwardIcon"
                            focusable="false"
                            viewBox="0 0 24 24"
                          >
                            <path
                              d="M20 12l-1.41-1.41L13 16.17V4h-2v12.17l-5.58-5.59L4 12l8 8 8-8z"
                            />
                          </svg>
                        </span>
                      </div>
                    </div>
                  </div>
                  <div
                    style="display: flex; flex-direction: row;"
                  >
                    <div
                      aria-label="close shotNum"
                    >
                      <svg
                        aria-hidden="true"
                        class="MuiSvgIcon-root MuiSvgIcon-fontSizeMedium css-1pmilg0-MuiSvgIcon-root"
                        data-testid="CloseIcon"
                        focusable="false"
                        viewBox="0 0 24 24"
                      >
                        <path
                          d="M19 6.41 17.59 5 12 10.59 6.41 5 5 6.41 10.59 12 5 17.59 6.41 19 12 13.41 17.59 19 19 17.59 13.41 12z"
                        />
                      </svg>
                    </div>
                    <div
                      draggable="false"
                      role="separator"
                      style="margin-left: 10px; padding-left: 4px; cursor: col-resize;"
                    >
                      <hr
                        class="MuiDivider-root MuiDivider-fullWidth MuiDivider-vertical MuiDivider-flexItem css-ck7sc0-MuiDivider-root"
                      />
                    </div>
                  </div>
                </th>
                <th
                  class="MuiTableCell-root MuiTableCell-head MuiTableCell-sizeSmall css-1fvzch-MuiTableCell-root"
                  role="columnheader"
                  scope="col"
                >
                  <div
                    style="overflow: hidden; flex: 1;"
                  >
                    <div
                      aria-label="timestamp header"
                      class="MuiBox-root css-k008qs"
                    >
                      <div
                        class="MuiBox-root css-12z0wuy"
                      />
                      <div
                        class="MuiBox-root css-0"
                      >
                        <span
                          class="MuiButtonBase-root MuiTableSortLabel-root css-1qgma8u-MuiButtonBase-root-MuiTableSortLabel-root"
                          data-testid="sort timestamp"
                          role="button"
                          tabindex="0"
                        >
                          <p
                            class="MuiTypography-root MuiTypography-body1 MuiTypography-noWrap css-xw0cpc-MuiTypography-root"
                          >
                            Timestamp
                          </p>
                          <svg
                            aria-hidden="true"
                            class="MuiSvgIcon-root MuiSvgIcon-fontSizeMedium MuiTableSortLabel-icon MuiTableSortLabel-iconDirectionAsc css-1vweko9-MuiSvgIcon-root-MuiTableSortLabel-icon"
                            data-testid="ArrowDownwardIcon"
                            focusable="false"
                            viewBox="0 0 24 24"
                          >
                            <path
                              d="M20 12l-1.41-1.41L13 16.17V4h-2v12.17l-5.58-5.59L4 12l8 8 8-8z"
                            />
                          </svg>
                        </span>
                      </div>
                    </div>
                  </div>
                  <div
                    style="display: flex; flex-direction: row;"
                  >
                    <div
                      aria-label="close timestamp"
                    >
                      <svg
                        aria-hidden="true"
                        class="MuiSvgIcon-root MuiSvgIcon-fontSizeMedium css-1pmilg0-MuiSvgIcon-root"
                        data-testid="CloseIcon"
                        focusable="false"
                        viewBox="0 0 24 24"
                      >
                        <path
                          d="M19 6.41 17.59 5 12 10.59 6.41 5 5 6.41 10.59 12 5 17.59 6.41 19 12 13.41 17.59 19 19 17.59 13.41 12z"
                        />
                      </svg>
                    </div>
                    <div
                      draggable="false"
                      role="separator"
                      style="margin-left: 10px; padding-left: 4px; cursor: col-resize;"
                    >
                      <hr
                        class="MuiDivider-root MuiDivider-fullWidth MuiDivider-vertical MuiDivider-flexItem css-ck7sc0-MuiDivider-root"
                      />
                    </div>
                  </div>
                </th>
              </tr>
            </thead>
            <tbody
              class="MuiTableBody-root css-apqrd9-MuiTableBody-root"
              role="rowgroup"
            >
              <tr
                class="MuiTableRow-root css-1q1u3t4-MuiTableRow-root"
                role="row"
                style="display: flex; flex: 1 0 auto; min-width: 90px;"
              >
                <td
                  class="MuiTableCell-root MuiTableCell-body MuiTableCell-sizeSmall css-1aeaoy8-MuiTableCell-root"
                >
                  <div
                    class="MuiGrid-root MuiGrid-container css-11lq3yg-MuiGrid-root"
                  >
                    <div
                      class="MuiGrid-root MuiGrid-item MuiGrid-grid-xs-true css-1vd824g-MuiGrid-root"
                    >
                      <p
                        class="MuiTypography-root MuiTypography-body2 MuiTypography-noWrap css-z1doim-MuiTypography-root"
                      >
                        test1
                      </p>
                    </div>
                    <hr
                      class="MuiDivider-root MuiDivider-fullWidth MuiDivider-vertical MuiDivider-flexItem css-1tk1bks-MuiDivider-root"
                    />
                  </div>
                </td>
                <td
                  class="MuiTableCell-root MuiTableCell-body MuiTableCell-sizeSmall css-1aeaoy8-MuiTableCell-root"
                >
                  <div
                    class="MuiGrid-root MuiGrid-container css-11lq3yg-MuiGrid-root"
                  >
                    <div
                      class="MuiGrid-root MuiGrid-item MuiGrid-grid-xs-true css-1vd824g-MuiGrid-root"
                    >
                      <p
                        class="MuiTypography-root MuiTypography-body2 MuiTypography-noWrap css-z1doim-MuiTypography-root"
                      >
                        1
                      </p>
                    </div>
                    <hr
                      class="MuiDivider-root MuiDivider-fullWidth MuiDivider-vertical MuiDivider-flexItem css-1tk1bks-MuiDivider-root"
                    />
                  </div>
                </td>
                <td
                  class="MuiTableCell-root MuiTableCell-body MuiTableCell-sizeSmall css-1aeaoy8-MuiTableCell-root"
                >
                  <div
                    class="MuiGrid-root MuiGrid-container css-11lq3yg-MuiGrid-root"
                  >
                    <div
                      class="MuiGrid-root MuiGrid-item MuiGrid-grid-xs-true css-1vd824g-MuiGrid-root"
                    >
                      <p
                        class="MuiTypography-root MuiTypography-body2 MuiTypography-noWrap css-z1doim-MuiTypography-root"
                      >
                        1640995200000
                      </p>
                    </div>
                    <hr
                      class="MuiDivider-root MuiDivider-fullWidth MuiDivider-vertical MuiDivider-flexItem css-1tk1bks-MuiDivider-root"
                    />
                  </div>
                </td>
              </tr>
              <tr
                class="MuiTableRow-root css-1q1u3t4-MuiTableRow-root"
                role="row"
                style="display: flex; flex: 1 0 auto; min-width: 90px;"
              >
                <td
                  class="MuiTableCell-root MuiTableCell-body MuiTableCell-sizeSmall css-1aeaoy8-MuiTableCell-root"
                >
                  <div
                    class="MuiGrid-root MuiGrid-container css-11lq3yg-MuiGrid-root"
                  >
                    <div
                      class="MuiGrid-root MuiGrid-item MuiGrid-grid-xs-true css-1vd824g-MuiGrid-root"
                    >
                      <p
                        class="MuiTypography-root MuiTypography-body2 MuiTypography-noWrap css-z1doim-MuiTypography-root"
                      >
                        test2
                      </p>
                    </div>
                    <hr
                      class="MuiDivider-root MuiDivider-fullWidth MuiDivider-vertical MuiDivider-flexItem css-1tk1bks-MuiDivider-root"
                    />
                  </div>
                </td>
                <td
                  class="MuiTableCell-root MuiTableCell-body MuiTableCell-sizeSmall css-1aeaoy8-MuiTableCell-root"
                >
                  <div
                    class="MuiGrid-root MuiGrid-container css-11lq3yg-MuiGrid-root"
                  >
                    <div
                      class="MuiGrid-root MuiGrid-item MuiGrid-grid-xs-true css-1vd824g-MuiGrid-root"
                    >
                      <p
                        class="MuiTypography-root MuiTypography-body2 MuiTypography-noWrap css-z1doim-MuiTypography-root"
                      >
                        2
                      </p>
                    </div>
                    <hr
                      class="MuiDivider-root MuiDivider-fullWidth MuiDivider-vertical MuiDivider-flexItem css-1tk1bks-MuiDivider-root"
                    />
                  </div>
                </td>
                <td
                  class="MuiTableCell-root MuiTableCell-body MuiTableCell-sizeSmall css-1aeaoy8-MuiTableCell-root"
                >
                  <div
                    class="MuiGrid-root MuiGrid-container css-11lq3yg-MuiGrid-root"
                  >
                    <div
                      class="MuiGrid-root MuiGrid-item MuiGrid-grid-xs-true css-1vd824g-MuiGrid-root"
                    >
                      <p
                        class="MuiTypography-root MuiTypography-body2 MuiTypography-noWrap css-z1doim-MuiTypography-root"
                      >
                        1641081600000
                      </p>
                    </div>
                    <hr
                      class="MuiDivider-root MuiDivider-fullWidth MuiDivider-vertical MuiDivider-flexItem css-1tk1bks-MuiDivider-root"
                    />
                  </div>
                </td>
              </tr>
              <tr
                class="MuiTableRow-root css-1q1u3t4-MuiTableRow-root"
                role="row"
                style="display: flex; flex: 1 0 auto; min-width: 90px;"
              >
                <td
                  class="MuiTableCell-root MuiTableCell-body MuiTableCell-sizeSmall css-1aeaoy8-MuiTableCell-root"
                >
                  <div
                    class="MuiGrid-root MuiGrid-container css-11lq3yg-MuiGrid-root"
                  >
                    <div
                      class="MuiGrid-root MuiGrid-item MuiGrid-grid-xs-true css-1vd824g-MuiGrid-root"
                    >
                      <p
                        class="MuiTypography-root MuiTypography-body2 MuiTypography-noWrap css-z1doim-MuiTypography-root"
                      >
                        test3
                      </p>
                    </div>
                    <hr
                      class="MuiDivider-root MuiDivider-fullWidth MuiDivider-vertical MuiDivider-flexItem css-1tk1bks-MuiDivider-root"
                    />
                  </div>
                </td>
                <td
                  class="MuiTableCell-root MuiTableCell-body MuiTableCell-sizeSmall css-1aeaoy8-MuiTableCell-root"
                >
                  <div
                    class="MuiGrid-root MuiGrid-container css-11lq3yg-MuiGrid-root"
                  >
                    <div
                      class="MuiGrid-root MuiGrid-item MuiGrid-grid-xs-true css-1vd824g-MuiGrid-root"
                    >
                      <p
                        class="MuiTypography-root MuiTypography-body2 MuiTypography-noWrap css-z1doim-MuiTypography-root"
                      >
                        3
                      </p>
                    </div>
                    <hr
                      class="MuiDivider-root MuiDivider-fullWidth MuiDivider-vertical MuiDivider-flexItem css-1tk1bks-MuiDivider-root"
                    />
                  </div>
                </td>
                <td
                  class="MuiTableCell-root MuiTableCell-body MuiTableCell-sizeSmall css-1aeaoy8-MuiTableCell-root"
                >
                  <div
                    class="MuiGrid-root MuiGrid-container css-11lq3yg-MuiGrid-root"
                  >
                    <div
                      class="MuiGrid-root MuiGrid-item MuiGrid-grid-xs-true css-1vd824g-MuiGrid-root"
                    >
                      <p
                        class="MuiTypography-root MuiTypography-body2 MuiTypography-noWrap css-z1doim-MuiTypography-root"
                      >
                        1641168000000
                      </p>
                    </div>
                    <hr
                      class="MuiDivider-root MuiDivider-fullWidth MuiDivider-vertical MuiDivider-flexItem css-1tk1bks-MuiDivider-root"
                    />
                  </div>
                </td>
              </tr>
            </tbody>
          </table>
        </div>
      </div>
      <div
        class="MuiTablePagination-root css-jtlhu6-MuiTablePagination-root"
      >
        <div
          class="MuiToolbar-root MuiToolbar-gutters MuiToolbar-regular MuiTablePagination-toolbar css-11bfvty-MuiToolbar-root-MuiTablePagination-toolbar"
        >
          <div
            class="MuiTablePagination-spacer css-1psng7p-MuiTablePagination-spacer"
          />
          <p
            class="MuiTablePagination-selectLabel css-pdct74-MuiTablePagination-selectLabel"
            id=":r1:"
          >
            Rows per page:
          </p>
          <div
            class="MuiInputBase-root MuiInputBase-colorPrimary css-16c50h-MuiInputBase-root-MuiTablePagination-select"
            variant="standard"
          >
            <div
              aria-expanded="false"
              aria-haspopup="listbox"
              aria-labelledby=":r1: :r0:"
              class="MuiTablePagination-select MuiSelect-select MuiSelect-standard MuiInputBase-input css-194a1fa-MuiSelect-select-MuiInputBase-input"
              id=":r0:"
              role="button"
              tabindex="0"
            >
              10
            </div>
            <input
              aria-hidden="true"
              class="MuiSelect-nativeInput css-yf8vq0-MuiSelect-nativeInput"
              tabindex="-1"
              value="10"
            />
            <svg
              aria-hidden="true"
              class="MuiSvgIcon-root MuiSvgIcon-fontSizeMedium MuiTablePagination-selectIcon MuiSelect-icon MuiSelect-iconStandard css-pqjvzy-MuiSvgIcon-root-MuiSelect-icon"
              data-testid="ArrowDropDownIcon"
              focusable="false"
              viewBox="0 0 24 24"
            >
              <path
                d="M7 10l5 5 5-5z"
              />
            </svg>
          </div>
          <p
            class="MuiTablePagination-displayedRows css-levciy-MuiTablePagination-displayedRows"
          >
            1–3 of 3
          </p>
          <div
            class="MuiTablePagination-actions"
          >
            <button
              aria-label="Go to previous page"
              class="MuiButtonBase-root Mui-disabled MuiIconButton-root Mui-disabled MuiIconButton-colorInherit MuiIconButton-sizeMedium css-zylse7-MuiButtonBase-root-MuiIconButton-root"
              disabled=""
              tabindex="-1"
              title="Go to previous page"
              type="button"
            >
              <svg
                aria-hidden="true"
                class="MuiSvgIcon-root MuiSvgIcon-fontSizeMedium css-i4bv87-MuiSvgIcon-root"
                data-testid="KeyboardArrowLeftIcon"
                focusable="false"
                viewBox="0 0 24 24"
              >
                <path
                  d="M15.41 16.09l-4.58-4.59 4.58-4.59L14 5.5l-6 6 6 6z"
                />
              </svg>
            </button>
            <button
              aria-label="Go to next page"
              class="MuiButtonBase-root Mui-disabled MuiIconButton-root Mui-disabled MuiIconButton-colorInherit MuiIconButton-sizeMedium css-zylse7-MuiButtonBase-root-MuiIconButton-root"
              disabled=""
              tabindex="-1"
              title="Go to next page"
              type="button"
            >
              <svg
                aria-hidden="true"
                class="MuiSvgIcon-root MuiSvgIcon-fontSizeMedium css-i4bv87-MuiSvgIcon-root"
                data-testid="KeyboardArrowRightIcon"
                focusable="false"
                viewBox="0 0 24 24"
              >
                <path
                  d="M8.59 16.34l4.58-4.59-4.58-4.59L10 5.75l6 6-6 6z"
                />
              </svg>
            </button>
          </div>
        </div>
      </div>
    </div>
  </div>
</DocumentFragment>
`;
