// Jest Snapshot v1, https://goo.gl/fbAQLP

exports[`Settings Menu Items component renders dropdown only when menu is visible 1`] = `
<body>
  <div />
  <div
    id="settings"
  >
    <ul>
      <hr
        class="MuiDivider-root MuiDivider-fullWidth css-9mgopn-MuiDivider-root"
      />
      <li
        class="MuiButtonBase-root MuiMenuItem-root MuiMenuItem-gutters MuiMenuItem-root MuiMenuItem-gutters css-lblayi-MuiButtonBase-root-MuiMenuItem-root"
        role="menuitem"
        tabindex="-1"
      >
        <div
          class="MuiFormGroup-root css-dmmspl-MuiFormGroup-root"
        >
          <div
            class="MuiFormControl-root css-1nrlq1o-MuiFormControl-root"
          >
            <label
              class="MuiFormLabel-root MuiInputLabel-root MuiInputLabel-formControl MuiInputLabel-animated MuiInputLabel-shrink MuiInputLabel-sizeMedium MuiInputLabel-outlined MuiFormLabel-colorPrimary MuiFormLabel-filled MuiInputLabel-root MuiInputLabel-formControl MuiInputLabel-animated MuiInputLabel-shrink MuiInputLabel-sizeMedium MuiInputLabel-outlined css-1jy569b-MuiFormLabel-root-MuiInputLabel-root"
              data-shrink="true"
              id="default-colour-map-select-label"
            >
              Default Colour Map
            </label>
            <div
              class="MuiInputBase-root MuiOutlinedInput-root MuiInputBase-colorPrimary MuiInputBase-fullWidth MuiInputBase-formControl  css-1ualgfl-MuiInputBase-root-MuiOutlinedInput-root-MuiSelect-root"
            >
              <div
                aria-controls=":r0:"
                aria-expanded="false"
                aria-haspopup="listbox"
                aria-labelledby="default-colour-map-select-label colour-map-select"
                class="MuiSelect-select MuiSelect-outlined MuiInputBase-input MuiOutlinedInput-input css-11u53oe-MuiSelect-select-MuiInputBase-input-MuiOutlinedInput-input"
                id="colour-map-select"
                role="combobox"
                tabindex="0"
              >
                cividis
              </div>
              <input
                aria-hidden="true"
                aria-invalid="false"
                class="MuiSelect-nativeInput css-yf8vq0-MuiSelect-nativeInput"
                tabindex="-1"
                value="cividis"
              />
              <svg
                aria-hidden="true"
                class="MuiSvgIcon-root MuiSvgIcon-fontSizeMedium MuiSelect-icon MuiSelect-iconOutlined css-hfutr2-MuiSvgIcon-root-MuiSelect-icon"
                data-testid="ArrowDropDownIcon"
                focusable="false"
                viewBox="0 0 24 24"
              >
                <path
                  d="M7 10l5 5 5-5z"
                />
              </svg>
              <fieldset
                aria-hidden="true"
                class="MuiOutlinedInput-notchedOutline css-1d3z3hw-MuiOutlinedInput-notchedOutline"
              >
                <legend
                  class="css-14lo706"
                >
                  <span>
                    Default Colour Map
                  </span>
                </legend>
              </fieldset>
            </div>
          </div>
          <label
            class="MuiFormControlLabel-root MuiFormControlLabel-labelPlacementEnd css-j204z7-MuiFormControlLabel-root"
          >
            <span
              class="MuiSwitch-root MuiSwitch-sizeMedium css-julti5-MuiSwitch-root"
            >
              <span
                class="MuiButtonBase-root MuiSwitch-switchBase MuiSwitch-colorPrimary PrivateSwitchBase-root MuiSwitch-switchBase MuiSwitch-colorPrimary css-byenzh-MuiButtonBase-root-MuiSwitch-switchBase"
              >
                <input
                  class="PrivateSwitchBase-input MuiSwitch-input css-1m9pwf3"
                  type="checkbox"
                />
                <span
                  class="MuiSwitch-thumb css-jsexje-MuiSwitch-thumb"
                />
                <span
                  class="MuiTouchRipple-root css-8je8zh-MuiTouchRipple-root"
                />
              </span>
              <span
                class="MuiSwitch-track css-1yjjitx-MuiSwitch-track"
              />
            </span>
            <span
              class="MuiTypography-root MuiTypography-body1 MuiFormControlLabel-label css-ahj2mt-MuiTypography-root"
            >
              Reverse Colour
            </span>
          </label>
          <label
            class="MuiFormControlLabel-root MuiFormControlLabel-labelPlacementEnd css-j204z7-MuiFormControlLabel-root"
          >
            <span
              class="MuiSwitch-root MuiSwitch-sizeMedium css-julti5-MuiSwitch-root"
            >
              <span
                class="MuiButtonBase-root MuiSwitch-switchBase MuiSwitch-colorPrimary PrivateSwitchBase-root MuiSwitch-switchBase MuiSwitch-colorPrimary css-byenzh-MuiButtonBase-root-MuiSwitch-switchBase"
              >
                <input
                  class="PrivateSwitchBase-input MuiSwitch-input css-1m9pwf3"
                  type="checkbox"
                />
                <span
                  class="MuiSwitch-thumb css-jsexje-MuiSwitch-thumb"
                />
                <span
                  class="MuiTouchRipple-root css-8je8zh-MuiTouchRipple-root"
                />
              </span>
              <span
                class="MuiSwitch-track css-1yjjitx-MuiSwitch-track"
              />
            </span>
            <span
              class="MuiTypography-root MuiTypography-body1 MuiFormControlLabel-label css-152p3zg-MuiTypography-root"
            >
              Show extended colourmap options
            </span>
          </label>
        </div>
      </li>
    </ul>
  </div>
</body>
`;
