// Jest Snapshot v1, https://goo.gl/fbAQLP

exports[`save session dialogue renders correctly 1`] = `<DocumentFragment />`;
