// Jest Snapshot v1, https://goo.gl/fbAQLP

exports[`session Drawer renders correctly 1`] = `
<DocumentFragment>
  <div>
    <div
      class="MuiDrawer-root MuiDrawer-docked css-thgegd-MuiDrawer-docked"
    >
      <div
        class="MuiPaper-root MuiPaper-elevation MuiPaper-elevation0 MuiDrawer-paper MuiDrawer-paperAnchorLeft MuiDrawer-paperAnchorDockedLeft css-1imhn6c-MuiPaper-root-MuiDrawer-paper"
      >
        <div
          class="MuiBox-root css-1gsv261"
        >
          <div
            class="MuiBox-root css-upq6er"
          >
            <p
              class="MuiTypography-root MuiTypography-body1 css-rfi1dl-MuiTypography-root"
            >
              Workspaces
            </p>
            <div
              class="MuiBox-root css-zdpt2t"
            >
              <button
                aria-label="add user session"
                class="MuiButtonBase-root MuiIconButton-root MuiIconButton-sizeMedium css-78trlr-MuiButtonBase-root-MuiIconButton-root"
                tabindex="0"
                type="button"
              >
                <svg
                  aria-hidden="true"
                  class="MuiSvgIcon-root MuiSvgIcon-fontSizeMedium css-i4bv87-MuiSvgIcon-root"
                  data-testid="AddCircleIcon"
                  focusable="false"
                  viewBox="0 0 24 24"
                >
                  <path
                    d="M12 2C6.48 2 2 6.48 2 12s4.48 10 10 10 10-4.48 10-10S17.52 2 12 2zm5 11h-4v4h-2v-4H7v-2h4V7h2v4h4v2z"
                  />
                </svg>
                <span
                  class="MuiTouchRipple-root css-8je8zh-MuiTouchRipple-root"
                />
              </button>
            </div>
          </div>
        </div>
        <ul
          class="MuiList-root css-1mk9mw3-MuiList-root"
        >
          <li
            class="MuiListItem-root MuiListItem-gutters css-1nxmd3h-MuiListItem-root"
          >
            <div
              class="MuiButtonBase-root MuiListItemButton-root MuiListItemButton-gutters MuiListItemButton-root MuiListItemButton-gutters css-1qkq609-MuiButtonBase-root-MuiListItemButton-root"
              role="button"
              tabindex="0"
            >
              <div
                class="MuiListItemText-root css-tlelie-MuiListItemText-root"
              >
                <span
                  class="MuiTypography-root MuiTypography-button MuiListItemText-primary css-1tjnwj2-MuiTypography-root"
                >
                  Session 3
                </span>
              </div>
              <div
                class="MuiBox-root css-epvm6"
              >
                <button
                  aria-label="edit Session 3 session"
                  class="MuiButtonBase-root MuiIconButton-root MuiIconButton-sizeSmall css-1pe4mpk-MuiButtonBase-root-MuiIconButton-root"
                  tabindex="0"
                  type="button"
                >
                  <svg
                    aria-hidden="true"
                    class="MuiSvgIcon-root MuiSvgIcon-fontSizeMedium css-i4bv87-MuiSvgIcon-root"
                    data-testid="EditIcon"
                    focusable="false"
                    viewBox="0 0 24 24"
                  >
                    <path
                      d="M3 17.25V21h3.75L17.81 9.94l-3.75-3.75L3 17.25zM20.71 7.04c.39-.39.39-1.02 0-1.41l-2.34-2.34a.9959.9959 0 0 0-1.41 0l-1.83 1.83 3.75 3.75 1.83-1.83z"
                    />
                  </svg>
                  <span
                    class="MuiTouchRipple-root css-8je8zh-MuiTouchRipple-root"
                  />
                </button>
                <button
                  aria-label="delete Session 3 session"
                  class="MuiButtonBase-root MuiIconButton-root MuiIconButton-sizeSmall css-1pe4mpk-MuiButtonBase-root-MuiIconButton-root"
                  tabindex="0"
                  type="button"
                >
                  <svg
                    aria-hidden="true"
                    class="MuiSvgIcon-root MuiSvgIcon-fontSizeMedium css-i4bv87-MuiSvgIcon-root"
                    data-testid="DeleteIcon"
                    focusable="false"
                    viewBox="0 0 24 24"
                  >
                    <path
                      d="M6 19c0 1.1.9 2 2 2h8c1.1 0 2-.9 2-2V7H6v12zM19 4h-3.5l-1-1h-5l-1 1H5v2h14V4z"
                    />
                  </svg>
                  <span
                    class="MuiTouchRipple-root css-8je8zh-MuiTouchRipple-root"
                  />
                </button>
              </div>
              <span
                class="MuiTouchRipple-root css-8je8zh-MuiTouchRipple-root"
              />
            </div>
          </li>
          <li
            class="MuiListItem-root MuiListItem-gutters css-1nxmd3h-MuiListItem-root"
          >
            <div
              class="MuiButtonBase-root MuiListItemButton-root MuiListItemButton-gutters MuiListItemButton-root MuiListItemButton-gutters css-1qkq609-MuiButtonBase-root-MuiListItemButton-root"
              role="button"
              tabindex="0"
            >
              <div
                class="MuiListItemText-root css-tlelie-MuiListItemText-root"
              >
                <span
                  class="MuiTypography-root MuiTypography-button MuiListItemText-primary css-1tjnwj2-MuiTypography-root"
                >
                  Session 1
                </span>
              </div>
              <div
                class="MuiBox-root css-epvm6"
              >
                <button
                  aria-label="edit Session 1 session"
                  class="MuiButtonBase-root MuiIconButton-root MuiIconButton-sizeSmall css-1pe4mpk-MuiButtonBase-root-MuiIconButton-root"
                  tabindex="0"
                  type="button"
                >
                  <svg
                    aria-hidden="true"
                    class="MuiSvgIcon-root MuiSvgIcon-fontSizeMedium css-i4bv87-MuiSvgIcon-root"
                    data-testid="EditIcon"
                    focusable="false"
                    viewBox="0 0 24 24"
                  >
                    <path
                      d="M3 17.25V21h3.75L17.81 9.94l-3.75-3.75L3 17.25zM20.71 7.04c.39-.39.39-1.02 0-1.41l-2.34-2.34a.9959.9959 0 0 0-1.41 0l-1.83 1.83 3.75 3.75 1.83-1.83z"
                    />
                  </svg>
                  <span
                    class="MuiTouchRipple-root css-8je8zh-MuiTouchRipple-root"
                  />
                </button>
                <button
                  aria-label="delete Session 1 session"
                  class="MuiButtonBase-root MuiIconButton-root MuiIconButton-sizeSmall css-1pe4mpk-MuiButtonBase-root-MuiIconButton-root"
                  tabindex="0"
                  type="button"
                >
                  <svg
                    aria-hidden="true"
                    class="MuiSvgIcon-root MuiSvgIcon-fontSizeMedium css-i4bv87-MuiSvgIcon-root"
                    data-testid="DeleteIcon"
                    focusable="false"
                    viewBox="0 0 24 24"
                  >
                    <path
                      d="M6 19c0 1.1.9 2 2 2h8c1.1 0 2-.9 2-2V7H6v12zM19 4h-3.5l-1-1h-5l-1 1H5v2h14V4z"
                    />
                  </svg>
                  <span
                    class="MuiTouchRipple-root css-8je8zh-MuiTouchRipple-root"
                  />
                </button>
              </div>
              <span
                class="MuiTouchRipple-root css-8je8zh-MuiTouchRipple-root"
              />
            </div>
          </li>
          <li
            class="MuiListItem-root MuiListItem-gutters css-1nxmd3h-MuiListItem-root"
          >
            <div
              class="MuiButtonBase-root MuiListItemButton-root MuiListItemButton-gutters MuiListItemButton-root MuiListItemButton-gutters css-1qkq609-MuiButtonBase-root-MuiListItemButton-root"
              role="button"
              tabindex="0"
            >
              <div
                class="MuiListItemText-root css-tlelie-MuiListItemText-root"
              >
                <span
                  class="MuiTypography-root MuiTypography-button MuiListItemText-primary css-1tjnwj2-MuiTypography-root"
                >
                  Session 4
                </span>
              </div>
              <div
                class="MuiBox-root css-epvm6"
              >
                <button
                  aria-label="edit Session 4 session"
                  class="MuiButtonBase-root MuiIconButton-root MuiIconButton-sizeSmall css-1pe4mpk-MuiButtonBase-root-MuiIconButton-root"
                  tabindex="0"
                  type="button"
                >
                  <svg
                    aria-hidden="true"
                    class="MuiSvgIcon-root MuiSvgIcon-fontSizeMedium css-i4bv87-MuiSvgIcon-root"
                    data-testid="EditIcon"
                    focusable="false"
                    viewBox="0 0 24 24"
                  >
                    <path
                      d="M3 17.25V21h3.75L17.81 9.94l-3.75-3.75L3 17.25zM20.71 7.04c.39-.39.39-1.02 0-1.41l-2.34-2.34a.9959.9959 0 0 0-1.41 0l-1.83 1.83 3.75 3.75 1.83-1.83z"
                    />
                  </svg>
                  <span
                    class="MuiTouchRipple-root css-8je8zh-MuiTouchRipple-root"
                  />
                </button>
                <button
                  aria-label="delete Session 4 session"
                  class="MuiButtonBase-root MuiIconButton-root MuiIconButton-sizeSmall css-1pe4mpk-MuiButtonBase-root-MuiIconButton-root"
                  tabindex="0"
                  type="button"
                >
                  <svg
                    aria-hidden="true"
                    class="MuiSvgIcon-root MuiSvgIcon-fontSizeMedium css-i4bv87-MuiSvgIcon-root"
                    data-testid="DeleteIcon"
                    focusable="false"
                    viewBox="0 0 24 24"
                  >
                    <path
                      d="M6 19c0 1.1.9 2 2 2h8c1.1 0 2-.9 2-2V7H6v12zM19 4h-3.5l-1-1h-5l-1 1H5v2h14V4z"
                    />
                  </svg>
                  <span
                    class="MuiTouchRipple-root css-8je8zh-MuiTouchRipple-root"
                  />
                </button>
              </div>
              <span
                class="MuiTouchRipple-root css-8je8zh-MuiTouchRipple-root"
              />
            </div>
          </li>
          <li
            class="MuiListItem-root MuiListItem-gutters css-1nxmd3h-MuiListItem-root"
          >
            <div
              class="MuiButtonBase-root MuiListItemButton-root MuiListItemButton-gutters MuiListItemButton-root MuiListItemButton-gutters css-1qkq609-MuiButtonBase-root-MuiListItemButton-root"
              role="button"
              tabindex="0"
            >
              <div
                class="MuiListItemText-root css-tlelie-MuiListItemText-root"
              >
                <span
                  class="MuiTypography-root MuiTypography-button MuiListItemText-primary css-1tjnwj2-MuiTypography-root"
                >
                  Session 2
                </span>
              </div>
              <div
                class="MuiBox-root css-epvm6"
              >
                <button
                  aria-label="edit Session 2 session"
                  class="MuiButtonBase-root MuiIconButton-root MuiIconButton-sizeSmall css-1pe4mpk-MuiButtonBase-root-MuiIconButton-root"
                  tabindex="0"
                  type="button"
                >
                  <svg
                    aria-hidden="true"
                    class="MuiSvgIcon-root MuiSvgIcon-fontSizeMedium css-i4bv87-MuiSvgIcon-root"
                    data-testid="EditIcon"
                    focusable="false"
                    viewBox="0 0 24 24"
                  >
                    <path
                      d="M3 17.25V21h3.75L17.81 9.94l-3.75-3.75L3 17.25zM20.71 7.04c.39-.39.39-1.02 0-1.41l-2.34-2.34a.9959.9959 0 0 0-1.41 0l-1.83 1.83 3.75 3.75 1.83-1.83z"
                    />
                  </svg>
                  <span
                    class="MuiTouchRipple-root css-8je8zh-MuiTouchRipple-root"
                  />
                </button>
                <button
                  aria-label="delete Session 2 session"
                  class="MuiButtonBase-root MuiIconButton-root MuiIconButton-sizeSmall css-1pe4mpk-MuiButtonBase-root-MuiIconButton-root"
                  tabindex="0"
                  type="button"
                >
                  <svg
                    aria-hidden="true"
                    class="MuiSvgIcon-root MuiSvgIcon-fontSizeMedium css-i4bv87-MuiSvgIcon-root"
                    data-testid="DeleteIcon"
                    focusable="false"
                    viewBox="0 0 24 24"
                  >
                    <path
                      d="M6 19c0 1.1.9 2 2 2h8c1.1 0 2-.9 2-2V7H6v12zM19 4h-3.5l-1-1h-5l-1 1H5v2h14V4z"
                    />
                  </svg>
                  <span
                    class="MuiTouchRipple-root css-8je8zh-MuiTouchRipple-root"
                  />
                </button>
              </div>
              <span
                class="MuiTouchRipple-root css-8je8zh-MuiTouchRipple-root"
              />
            </div>
          </li>
        </ul>
      </div>
    </div>
  </div>
</DocumentFragment>
`;
