// Jest Snapshot v1, https://goo.gl/fbAQLP

exports[`session buttons renders correctly 1`] = `
<DocumentFragment>
  <div
    class="MuiBox-root css-mcd6si"
  >
    <div
      class="MuiBox-root css-k008qs"
    >
      <p
        class="MuiTypography-root MuiTypography-body1 css-ahj2mt-MuiTypography-root"
        data-testid="session-save-buttons-timestamp"
        style="font-size: small; margin: 8px;"
      >
        <span
          style="font-weight: bold;"
        />
      </p>
      <button
        class="MuiButtonBase-root MuiButton-root MuiButton-outlined MuiButton-outlinedPrimary MuiButton-sizeMedium MuiButton-outlinedSizeMedium MuiButton-root MuiButton-outlined MuiButton-outlinedPrimary MuiButton-sizeMedium MuiButton-outlinedSizeMedium css-1owl11-MuiButtonBase-root-MuiButton-root"
        tabindex="0"
        type="button"
      >
        Save
        <span
          class="MuiTouchRipple-root css-8je8zh-MuiTouchRipple-root"
        />
      </button>
      <button
        class="MuiButtonBase-root MuiButton-root MuiButton-outlined MuiButton-outlinedPrimary MuiButton-sizeMedium MuiButton-outlinedSizeMedium MuiButton-root MuiButton-outlined MuiButton-outlinedPrimary MuiButton-sizeMedium MuiButton-outlinedSizeMedium css-1owl11-MuiButtonBase-root-MuiButton-root"
        tabindex="0"
        type="button"
      >
        Save as
        <span
          class="MuiTouchRipple-root css-8je8zh-MuiTouchRipple-root"
        />
      </button>
    </div>
  </div>
</DocumentFragment>
`;
